Command line invocation:
    /Applications/Xcode.app/Contents/Developer/usr/bin/xcodebuild -project NeonGridBuster.xcodeproj -scheme GridBuster -configuration Debug -destination "platform=iOS Simulator,name=iPhone 17 Pro Max" build

Resolve Package Graph


Resolved source packages:
  GTMSessionFetcher: https://github.com/google/gtm-session-fetcher.git @ 5.2.0
  GoogleUtilities: https://github.com/google/GoogleUtilities.git @ 8.1.0
  gRPC: https://github.com/google/grpc-binary.git @ 1.69.1
  Promises: https://github.com/google/promises.git @ 2.4.0
  GoogleUserMessagingPlatform: https://github.com/googleads/swift-package-manager-google-user-messaging-platform.git @ 3.1.0
  Firebase: https://github.com/firebase/firebase-ios-sdk @ 12.12.1
  AppCheck: https://github.com/google/app-check.git @ 11.2.0
  leveldb: https://github.com/firebase/leveldb.git @ 1.22.5
  nanopb: https://github.com/firebase/nanopb.git @ 2.30910.0
  GoogleDataTransport: https://github.com/google/GoogleDataTransport.git @ 10.1.0
  GoogleMobileAds: https://github.com/googleads/swift-package-manager-google-mobile-ads @ 13.3.0
  GoogleAdsOnDeviceConversion: https://github.com/googleads/google-ads-on-device-conversion-ios-sdk @ 3.5.0
  abseil: https://github.com/google/abseil-cpp-binary.git @ 1.2024072200.0
  InteropForGoogle: https://github.com/google/interop-ios-for-google-sdks.git @ 101.0.0
  GoogleAppMeasurement: https://github.com/google/GoogleAppMeasurement.git @ 12.12.1

2026-05-06 02:38:25.423 xcodebuild[64599:6406902] [MT] IDERunDestination: Supported platforms for the buildables in the current scheme is empty.
ComputePackagePrebuildTargetDependencyGraph

Prepare packages

CreateBuildRequest

SendProjectDescription

CreateBuildOperation

ComputeTargetDependencyGraph
note: Building targets in dependency order
note: Target dependency graph (66 targets)
    Target 'GridBuster' in project 'NeonGridBuster'
        ➜ Explicit dependency on target 'FirebaseAILogic' in project 'Firebase'
        ➜ Explicit dependency on target 'GoogleMobileAds' in project 'GoogleMobileAds'
        ➜ Explicit dependency on target 'FirebaseAnalyticsIdentitySupport' in project 'Firebase'
        ➜ Explicit dependency on target 'FirebaseAnalyticsCore' in project 'Firebase'
        ➜ Explicit dependency on target 'FirebaseAnalytics' in project 'Firebase'
        ➜ Explicit dependency on target 'FirebaseAI' in project 'Firebase'
    Target 'FirebaseAI' in project 'Firebase'
        ➜ Explicit dependency on target 'FirebaseAI' in project 'Firebase'
        ➜ Explicit dependency on target 'FirebaseAILogic' in project 'Firebase'
        ➜ Explicit dependency on target 'FirebaseAppCheckInterop' in project 'Firebase'
        ➜ Explicit dependency on target 'FirebaseAuthInterop' in project 'Firebase'
        ➜ Explicit dependency on target 'Firebase' in project 'Firebase'
        ➜ Explicit dependency on target 'FirebaseCoreInternal' in project 'Firebase'
        ➜ Explicit dependency on target 'FirebaseCore' in project 'Firebase'
        ➜ Explicit dependency on target 'FirebaseCoreExtension' in project 'Firebase'
        ➜ Explicit dependency on target 'GULNSData' in project 'GoogleUtilities'
        ➜ Explicit dependency on target 'GULEnvironment' in project 'GoogleUtilities'
        ➜ Explicit dependency on target 'GULLogger' in project 'GoogleUtilities'
    Target 'FirebaseAI' in project 'Firebase'
        ➜ Explicit dependency on target 'FirebaseAppCheckInterop' in project 'Firebase'
        ➜ Explicit dependency on target 'FirebaseAuthInterop' in project 'Firebase'
        ➜ Explicit dependency on target 'Firebase' in project 'Firebase'
        ➜ Explicit dependency on target 'FirebaseCoreInternal' in project 'Firebase'
        ➜ Explicit dependency on target 'FirebaseCore' in project 'Firebase'
        ➜ Explicit dependency on target 'FirebaseCoreExtension' in project 'Firebase'
        ➜ Explicit dependency on target 'FirebaseAILogic' in project 'Firebase'
        ➜ Explicit dependency on target 'GULNSData' in project 'GoogleUtilities'
        ➜ Explicit dependency on target 'GULEnvironment' in project 'GoogleUtilities'
        ➜ Explicit dependency on target 'GULLogger' in project 'GoogleUtilities'
    Target 'FirebaseAnalytics' in project 'Firebase'
        ➜ Explicit dependency on target 'FirebaseAnalyticsTarget' in project 'Firebase'
        ➜ Explicit dependency on target 'Firebase' in project 'Firebase'
        ➜ Explicit dependency on target 'FirebaseCoreInternal' in project 'Firebase'
        ➜ Explicit dependency on target 'FirebaseCore' in project 'Firebase'
        ➜ Explicit dependency on target 'FirebaseInstallations' in project 'Firebase'
        ➜ Explicit dependency on target 'FirebaseAnalyticsWrapper' in project 'Firebase'
        ➜ Explicit dependency on target 'GULNSData' in project 'GoogleUtilities'
        ➜ Explicit dependency on target 'GULEnvironment' in project 'GoogleUtilities'
        ➜ Explicit dependency on target 'GULLogger' in project 'GoogleUtilities'
        ➜ Explicit dependency on target 'FBLPromises' in project 'Promises'
        ➜ Explicit dependency on target 'GULUserDefaults' in project 'GoogleUtilities'
        ➜ Explicit dependency on target 'GoogleAppMeasurement' in project 'GoogleAppMeasurement'
        ➜ Explicit dependency on target 'GULAppDelegateSwizzler' in project 'GoogleUtilities'
        ➜ Explicit dependency on target 'GULMethodSwizzler' in project 'GoogleUtilities'
        ➜ Explicit dependency on target 'GULNetwork' in project 'GoogleUtilities'
        ➜ Explicit dependency on target 'nanopb' in project 'nanopb'
    Target 'FirebaseAnalyticsTarget' in project 'Firebase'
        ➜ Explicit dependency on target 'Firebase' in project 'Firebase'
        ➜ Explicit dependency on target 'FirebaseCoreInternal' in project 'Firebase'
        ➜ Explicit dependency on target 'FirebaseCore' in project 'Firebase'
        ➜ Explicit dependency on target 'FirebaseInstallations' in project 'Firebase'
        ➜ Explicit dependency on target 'FirebaseAnalyticsWrapper' in project 'Firebase'
        ➜ Explicit dependency on target 'GULNSData' in project 'GoogleUtilities'
        ➜ Explicit dependency on target 'GULEnvironment' in project 'GoogleUtilities'
        ➜ Explicit dependency on target 'GULLogger' in project 'GoogleUtilities'
        ➜ Explicit dependency on target 'FBLPromises' in project 'Promises'
        ➜ Explicit dependency on target 'GULUserDefaults' in project 'GoogleUtilities'
        ➜ Explicit dependency on target 'GoogleAppMeasurement' in project 'GoogleAppMeasurement'
        ➜ Explicit dependency on target 'GULAppDelegateSwizzler' in project 'GoogleUtilities'
        ➜ Explicit dependency on target 'GULMethodSwizzler' in project 'GoogleUtilities'
        ➜ Explicit dependency on target 'GULNetwork' in project 'GoogleUtilities'
        ➜ Explicit dependency on target 'nanopb' in project 'nanopb'
    Target 'FirebaseAnalyticsWrapper' in project 'Firebase'
        ➜ Explicit dependency on target 'Firebase' in project 'Firebase'
        ➜ Explicit dependency on target 'FirebaseCoreInternal' in project 'Firebase'
        ➜ Explicit dependency on target 'FirebaseCore' in project 'Firebase'
        ➜ Explicit dependency on target 'FirebaseInstallations' in project 'Firebase'
        ➜ Explicit dependency on target 'GULNSData' in project 'GoogleUtilities'
        ➜ Explicit dependency on target 'GULEnvironment' in project 'GoogleUtilities'
        ➜ Explicit dependency on target 'GULLogger' in project 'GoogleUtilities'
        ➜ Explicit dependency on target 'FBLPromises' in project 'Promises'
        ➜ Explicit dependency on target 'GULUserDefaults' in project 'GoogleUtilities'
        ➜ Explicit dependency on target 'GoogleAppMeasurement' in project 'GoogleAppMeasurement'
        ➜ Explicit dependency on target 'GULAppDelegateSwizzler' in project 'GoogleUtilities'
        ➜ Explicit dependency on target 'GULMethodSwizzler' in project 'GoogleUtilities'
        ➜ Explicit dependency on target 'GULNetwork' in project 'GoogleUtilities'
        ➜ Explicit dependency on target 'nanopb' in project 'nanopb'
    Target 'GoogleAppMeasurement' in project 'GoogleAppMeasurement'
        ➜ Explicit dependency on target 'GoogleAppMeasurementTarget' in project 'GoogleAppMeasurement'
        ➜ Explicit dependency on target 'GULAppDelegateSwizzler' in project 'GoogleUtilities'
        ➜ Explicit dependency on target 'GULMethodSwizzler' in project 'GoogleUtilities'
        ➜ Explicit dependency on target 'GULNSData' in project 'GoogleUtilities'
        ➜ Explicit dependency on target 'GULNetwork' in project 'GoogleUtilities'
        ➜ Explicit dependency on target 'GULLogger' in project 'GoogleUtilities'
        ➜ Explicit dependency on target 'GULEnvironment' in project 'GoogleUtilities'
        ➜ Explicit dependency on target 'nanopb' in project 'nanopb'
        ➜ Explicit dependency on target 'GoogleAdsOnDeviceConversion' in project 'GoogleAdsOnDeviceConversion'
    Target 'GoogleAppMeasurementTarget' in project 'GoogleAppMeasurement'
        ➜ Explicit dependency on target 'GULAppDelegateSwizzler' in project 'GoogleUtilities'
        ➜ Explicit dependency on target 'GULMethodSwizzler' in project 'GoogleUtilities'
        ➜ Explicit dependency on target 'GULNSData' in project 'GoogleUtilities'
        ➜ Explicit dependency on target 'GULNetwork' in project 'GoogleUtilities'
        ➜ Explicit dependency on target 'GULLogger' in project 'GoogleUtilities'
        ➜ Explicit dependency on target 'GULEnvironment' in project 'GoogleUtilities'
        ➜ Explicit dependency on target 'nanopb' in project 'nanopb'
        ➜ Explicit dependency on target 'GoogleAdsOnDeviceConversion' in project 'GoogleAdsOnDeviceConversion'
    Target 'GoogleAdsOnDeviceConversion' in project 'GoogleAdsOnDeviceConversion'
        ➜ Explicit dependency on target 'GoogleAdsOnDeviceConversionTarget' in project 'GoogleAdsOnDeviceConversion'
        ➜ Explicit dependency on target 'GULEnvironment' in project 'GoogleUtilities'
        ➜ Explicit dependency on target 'GULLogger' in project 'GoogleUtilities'
        ➜ Explicit dependency on target 'GULNetwork' in project 'GoogleUtilities'
        ➜ Explicit dependency on target 'nanopb' in project 'nanopb'
    Target 'GoogleAdsOnDeviceConversionTarget' in project 'GoogleAdsOnDeviceConversion'
        ➜ Explicit dependency on target 'GULEnvironment' in project 'GoogleUtilities'
        ➜ Explicit dependency on target 'GULLogger' in project 'GoogleUtilities'
        ➜ Explicit dependency on target 'GULNetwork' in project 'GoogleUtilities'
        ➜ Explicit dependency on target 'nanopb' in project 'nanopb'
    Target 'FirebaseAnalyticsCore' in project 'Firebase'
        ➜ Explicit dependency on target 'FirebaseAnalyticsCoreTarget' in project 'Firebase'
        ➜ Explicit dependency on target 'Firebase' in project 'Firebase'
        ➜ Explicit dependency on target 'FirebaseCoreInternal' in project 'Firebase'
        ➜ Explicit dependency on target 'FirebaseCore' in project 'Firebase'
        ➜ Explicit dependency on target 'FirebaseInstallations' in project 'Firebase'
        ➜ Explicit dependency on target 'FirebaseAnalyticsCoreWrapper' in project 'Firebase'
        ➜ Explicit dependency on target 'GULNSData' in project 'GoogleUtilities'
        ➜ Explicit dependency on target 'GULEnvironment' in project 'GoogleUtilities'
        ➜ Explicit dependency on target 'GULLogger' in project 'GoogleUtilities'
        ➜ Explicit dependency on target 'FBLPromises' in project 'Promises'
        ➜ Explicit dependency on target 'GULUserDefaults' in project 'GoogleUtilities'
        ➜ Explicit dependency on target 'GoogleAppMeasurementCore' in project 'GoogleAppMeasurement'
        ➜ Explicit dependency on target 'GULAppDelegateSwizzler' in project 'GoogleUtilities'
        ➜ Explicit dependency on target 'GULMethodSwizzler' in project 'GoogleUtilities'
        ➜ Explicit dependency on target 'GULNetwork' in project 'GoogleUtilities'
        ➜ Explicit dependency on target 'nanopb' in project 'nanopb'
    Target 'FirebaseAnalyticsCoreTarget' in project 'Firebase'
        ➜ Explicit dependency on target 'Firebase' in project 'Firebase'
        ➜ Explicit dependency on target 'FirebaseCoreInternal' in project 'Firebase'
        ➜ Explicit dependency on target 'FirebaseCore' in project 'Firebase'
        ➜ Explicit dependency on target 'FirebaseInstallations' in project 'Firebase'
        ➜ Explicit dependency on target 'FirebaseAnalyticsCoreWrapper' in project 'Firebase'
        ➜ Explicit dependency on target 'GULNSData' in project 'GoogleUtilities'
        ➜ Explicit dependency on target 'GULEnvironment' in project 'GoogleUtilities'
        ➜ Explicit dependency on target 'GULLogger' in project 'GoogleUtilities'
        ➜ Explicit dependency on target 'FBLPromises' in project 'Promises'
        ➜ Explicit dependency on target 'GULUserDefaults' in project 'GoogleUtilities'
        ➜ Explicit dependency on target 'GoogleAppMeasurementCore' in project 'GoogleAppMeasurement'
        ➜ Explicit dependency on target 'GULAppDelegateSwizzler' in project 'GoogleUtilities'
        ➜ Explicit dependency on target 'GULMethodSwizzler' in project 'GoogleUtilities'
        ➜ Explicit dependency on target 'GULNetwork' in project 'GoogleUtilities'
        ➜ Explicit dependency on target 'nanopb' in project 'nanopb'
    Target 'FirebaseAnalyticsCoreWrapper' in project 'Firebase'
        ➜ Explicit dependency on target 'Firebase' in project 'Firebase'
        ➜ Explicit dependency on target 'FirebaseCoreInternal' in project 'Firebase'
        ➜ Explicit dependency on target 'FirebaseCore' in project 'Firebase'
        ➜ Explicit dependency on target 'FirebaseInstallations' in project 'Firebase'
        ➜ Explicit dependency on target 'GULNSData' in project 'GoogleUtilities'
        ➜ Explicit dependency on target 'GULEnvironment' in project 'GoogleUtilities'
        ➜ Explicit dependency on target 'GULLogger' in project 'GoogleUtilities'
        ➜ Explicit dependency on target 'FBLPromises' in project 'Promises'
        ➜ Explicit dependency on target 'GULUserDefaults' in project 'GoogleUtilities'
        ➜ Explicit dependency on target 'GoogleAppMeasurementCore' in project 'GoogleAppMeasurement'
        ➜ Explicit dependency on target 'GULAppDelegateSwizzler' in project 'GoogleUtilities'
        ➜ Explicit dependency on target 'GULMethodSwizzler' in project 'GoogleUtilities'
        ➜ Explicit dependency on target 'GULNetwork' in project 'GoogleUtilities'
        ➜ Explicit dependency on target 'nanopb' in project 'nanopb'
    Target 'GoogleAppMeasurementCore' in project 'GoogleAppMeasurement'
        ➜ Explicit dependency on target 'GoogleAppMeasurementCoreTarget' in project 'GoogleAppMeasurement'
        ➜ Explicit dependency on target 'GULAppDelegateSwizzler' in project 'GoogleUtilities'
        ➜ Explicit dependency on target 'GULMethodSwizzler' in project 'GoogleUtilities'
        ➜ Explicit dependency on target 'GULNSData' in project 'GoogleUtilities'
        ➜ Explicit dependency on target 'GULNetwork' in project 'GoogleUtilities'
        ➜ Explicit dependency on target 'GULLogger' in project 'GoogleUtilities'
        ➜ Explicit dependency on target 'GULEnvironment' in project 'GoogleUtilities'
        ➜ Explicit dependency on target 'nanopb' in project 'nanopb'
    Target 'GoogleAppMeasurementCoreTarget' in project 'GoogleAppMeasurement'
        ➜ Explicit dependency on target 'GULAppDelegateSwizzler' in project 'GoogleUtilities'
        ➜ Explicit dependency on target 'GULMethodSwizzler' in project 'GoogleUtilities'
        ➜ Explicit dependency on target 'GULNSData' in project 'GoogleUtilities'
        ➜ Explicit dependency on target 'GULNetwork' in project 'GoogleUtilities'
        ➜ Explicit dependency on target 'GULLogger' in project 'GoogleUtilities'
        ➜ Explicit dependency on target 'GULEnvironment' in project 'GoogleUtilities'
        ➜ Explicit dependency on target 'nanopb' in project 'nanopb'
    Target 'FirebaseAnalyticsIdentitySupport' in project 'Firebase'
        ➜ Explicit dependency on target 'FirebaseAnalyticsIdentitySupportTarget' in project 'Firebase'
        ➜ Explicit dependency on target 'Firebase' in project 'Firebase'
        ➜ Explicit dependency on target 'FirebaseCoreInternal' in project 'Firebase'
        ➜ Explicit dependency on target 'FirebaseCore' in project 'Firebase'
        ➜ Explicit dependency on target 'FirebaseInstallations' in project 'Firebase'
        ➜ Explicit dependency on target 'GULNSData' in project 'GoogleUtilities'
        ➜ Explicit dependency on target 'GULEnvironment' in project 'GoogleUtilities'
        ➜ Explicit dependency on target 'GULLogger' in project 'GoogleUtilities'
        ➜ Explicit dependency on target 'FBLPromises' in project 'Promises'
        ➜ Explicit dependency on target 'GULUserDefaults' in project 'GoogleUtilities'
        ➜ Explicit dependency on target 'GoogleAppMeasurementIdentitySupport' in project 'GoogleAppMeasurement'
        ➜ Explicit dependency on target 'GULAppDelegateSwizzler' in project 'GoogleUtilities'
        ➜ Explicit dependency on target 'GULMethodSwizzler' in project 'GoogleUtilities'
        ➜ Explicit dependency on target 'GULNetwork' in project 'GoogleUtilities'
        ➜ Explicit dependency on target 'nanopb' in project 'nanopb'
    Target 'FirebaseAnalyticsIdentitySupportTarget' in project 'Firebase'
        ➜ Explicit dependency on target 'Firebase' in project 'Firebase'
        ➜ Explicit dependency on target 'FirebaseCoreInternal' in project 'Firebase'
        ➜ Explicit dependency on target 'FirebaseCore' in project 'Firebase'
        ➜ Explicit dependency on target 'FirebaseInstallations' in project 'Firebase'
        ➜ Explicit dependency on target 'GULNSData' in project 'GoogleUtilities'
        ➜ Explicit dependency on target 'GULEnvironment' in project 'GoogleUtilities'
        ➜ Explicit dependency on target 'GULLogger' in project 'GoogleUtilities'
        ➜ Explicit dependency on target 'FBLPromises' in project 'Promises'
        ➜ Explicit dependency on target 'GULUserDefaults' in project 'GoogleUtilities'
        ➜ Explicit dependency on target 'GoogleAppMeasurementIdentitySupport' in project 'GoogleAppMeasurement'
        ➜ Explicit dependency on target 'GULAppDelegateSwizzler' in project 'GoogleUtilities'
        ➜ Explicit dependency on target 'GULMethodSwizzler' in project 'GoogleUtilities'
        ➜ Explicit dependency on target 'GULNetwork' in project 'GoogleUtilities'
        ➜ Explicit dependency on target 'nanopb' in project 'nanopb'
    Target 'GoogleAppMeasurementIdentitySupport' in project 'GoogleAppMeasurement'
        ➜ Explicit dependency on target 'GoogleAppMeasurementIdentitySupportTarget' in project 'GoogleAppMeasurement'
        ➜ Explicit dependency on target 'GULAppDelegateSwizzler' in project 'GoogleUtilities'
        ➜ Explicit dependency on target 'GULMethodSwizzler' in project 'GoogleUtilities'
        ➜ Explicit dependency on target 'GULNSData' in project 'GoogleUtilities'
        ➜ Explicit dependency on target 'GULNetwork' in project 'GoogleUtilities'
        ➜ Explicit dependency on target 'GULLogger' in project 'GoogleUtilities'
        ➜ Explicit dependency on target 'GULEnvironment' in project 'GoogleUtilities'
        ➜ Explicit dependency on target 'nanopb' in project 'nanopb'
    Target 'GoogleAppMeasurementIdentitySupportTarget' in project 'GoogleAppMeasurement'
        ➜ Explicit dependency on target 'GULAppDelegateSwizzler' in project 'GoogleUtilities'
        ➜ Explicit dependency on target 'GULMethodSwizzler' in project 'GoogleUtilities'
        ➜ Explicit dependency on target 'GULNSData' in project 'GoogleUtilities'
        ➜ Explicit dependency on target 'GULNetwork' in project 'GoogleUtilities'
        ➜ Explicit dependency on target 'GULLogger' in project 'GoogleUtilities'
        ➜ Explicit dependency on target 'GULEnvironment' in project 'GoogleUtilities'
        ➜ Explicit dependency on target 'nanopb' in project 'nanopb'
    Target 'nanopb' in project 'nanopb'
        ➜ Explicit dependency on target 'nanopb' in project 'nanopb'
        ➜ Explicit dependency on target 'nanopb_nanopb' in project 'nanopb'
    Target 'nanopb' in project 'nanopb'
        ➜ Explicit dependency on target 'nanopb_nanopb' in project 'nanopb'
    Target 'nanopb_nanopb' in project 'nanopb' (no dependencies)
    Target 'GULNetwork' in project 'GoogleUtilities'
        ➜ Explicit dependency on target 'GoogleUtilities-Network' in project 'GoogleUtilities'
        ➜ Explicit dependency on target 'GoogleUtilities_GoogleUtilities-Network' in project 'GoogleUtilities'
        ➜ Explicit dependency on target 'third-party-IsAppEncrypted' in project 'GoogleUtilities'
        ➜ Explicit dependency on target 'GoogleUtilities-Environment' in project 'GoogleUtilities'
        ➜ Explicit dependency on target 'GoogleUtilities-Logger' in project 'GoogleUtilities'
        ➜ Explicit dependency on target 'GoogleUtilities-NSData' in project 'GoogleUtilities'
        ➜ Explicit dependency on target 'GoogleUtilities-Reachability' in project 'GoogleUtilities'
    Target 'GULMethodSwizzler' in project 'GoogleUtilities'
        ➜ Explicit dependency on target 'GoogleUtilities-MethodSwizzler' in project 'GoogleUtilities'
        ➜ Explicit dependency on target 'GoogleUtilities_GoogleUtilities-MethodSwizzler' in project 'GoogleUtilities'
        ➜ Explicit dependency on target 'third-party-IsAppEncrypted' in project 'GoogleUtilities'
        ➜ Explicit dependency on target 'GoogleUtilities-Environment' in project 'GoogleUtilities'
        ➜ Explicit dependency on target 'GoogleUtilities-Logger' in project 'GoogleUtilities'
    Target 'GoogleUtilities-MethodSwizzler' in project 'GoogleUtilities'
        ➜ Explicit dependency on target 'GoogleUtilities_GoogleUtilities-MethodSwizzler' in project 'GoogleUtilities'
        ➜ Explicit dependency on target 'third-party-IsAppEncrypted' in project 'GoogleUtilities'
        ➜ Explicit dependency on target 'GoogleUtilities-Environment' in project 'GoogleUtilities'
        ➜ Explicit dependency on target 'GoogleUtilities-Logger' in project 'GoogleUtilities'
    Target 'GoogleUtilities_GoogleUtilities-MethodSwizzler' in project 'GoogleUtilities' (no dependencies)
    Target 'GULAppDelegateSwizzler' in project 'GoogleUtilities'
        ➜ Explicit dependency on target 'GoogleUtilities-AppDelegateSwizzler' in project 'GoogleUtilities'
        ➜ Explicit dependency on target 'GoogleUtilities_GoogleUtilities-AppDelegateSwizzler' in project 'GoogleUtilities'
        ➜ Explicit dependency on target 'third-party-IsAppEncrypted' in project 'GoogleUtilities'
        ➜ Explicit dependency on target 'GoogleUtilities-Environment' in project 'GoogleUtilities'
        ➜ Explicit dependency on target 'GoogleUtilities-Logger' in project 'GoogleUtilities'
        ➜ Explicit dependency on target 'GoogleUtilities-NSData' in project 'GoogleUtilities'
        ➜ Explicit dependency on target 'GoogleUtilities-Reachability' in project 'GoogleUtilities'
        ➜ Explicit dependency on target 'GoogleUtilities-Network' in project 'GoogleUtilities'
    Target 'GoogleUtilities-AppDelegateSwizzler' in project 'GoogleUtilities'
        ➜ Explicit dependency on target 'GoogleUtilities_GoogleUtilities-AppDelegateSwizzler' in project 'GoogleUtilities'
        ➜ Explicit dependency on target 'third-party-IsAppEncrypted' in project 'GoogleUtilities'
        ➜ Explicit dependency on target 'GoogleUtilities-Environment' in project 'GoogleUtilities'
        ➜ Explicit dependency on target 'GoogleUtilities-Logger' in project 'GoogleUtilities'
        ➜ Explicit dependency on target 'GoogleUtilities-NSData' in project 'GoogleUtilities'
        ➜ Explicit dependency on target 'GoogleUtilities-Reachability' in project 'GoogleUtilities'
        ➜ Explicit dependency on target 'GoogleUtilities-Network' in project 'GoogleUtilities'
    Target 'GoogleUtilities-Network' in project 'GoogleUtilities'
        ➜ Explicit dependency on target 'GoogleUtilities_GoogleUtilities-Network' in project 'GoogleUtilities'
        ➜ Explicit dependency on target 'third-party-IsAppEncrypted' in project 'GoogleUtilities'
        ➜ Explicit dependency on target 'GoogleUtilities-Environment' in project 'GoogleUtilities'
        ➜ Explicit dependency on target 'GoogleUtilities-Logger' in project 'GoogleUtilities'
        ➜ Explicit dependency on target 'GoogleUtilities-NSData' in project 'GoogleUtilities'
        ➜ Explicit dependency on target 'GoogleUtilities-Reachability' in project 'GoogleUtilities'
    Target 'GoogleUtilities_GoogleUtilities-Network' in project 'GoogleUtilities' (no dependencies)
    Target 'GoogleUtilities-Reachability' in project 'GoogleUtilities'
        ➜ Explicit dependency on target 'GoogleUtilities_GoogleUtilities-Reachability' in project 'GoogleUtilities'
        ➜ Explicit dependency on target 'third-party-IsAppEncrypted' in project 'GoogleUtilities'
        ➜ Explicit dependency on target 'GoogleUtilities-Environment' in project 'GoogleUtilities'
        ➜ Explicit dependency on target 'GoogleUtilities-Logger' in project 'GoogleUtilities'
    Target 'GoogleUtilities_GoogleUtilities-Reachability' in project 'GoogleUtilities' (no dependencies)
    Target 'GoogleUtilities_GoogleUtilities-AppDelegateSwizzler' in project 'GoogleUtilities' (no dependencies)
    Target 'FirebaseInstallations' in project 'Firebase'
        ➜ Explicit dependency on target 'Firebase_FirebaseInstallations' in project 'Firebase'
        ➜ Explicit dependency on target 'Firebase' in project 'Firebase'
        ➜ Explicit dependency on target 'FirebaseCoreInternal' in project 'Firebase'
        ➜ Explicit dependency on target 'FirebaseCore' in project 'Firebase'
        ➜ Explicit dependency on target 'GULNSData' in project 'GoogleUtilities'
        ➜ Explicit dependency on target 'GULEnvironment' in project 'GoogleUtilities'
        ➜ Explicit dependency on target 'GULLogger' in project 'GoogleUtilities'
        ➜ Explicit dependency on target 'FBLPromises' in project 'Promises'
        ➜ Explicit dependency on target 'GULUserDefaults' in project 'GoogleUtilities'
    Target 'GULUserDefaults' in project 'GoogleUtilities'
        ➜ Explicit dependency on target 'GoogleUtilities-UserDefaults' in project 'GoogleUtilities'
        ➜ Explicit dependency on target 'GoogleUtilities_GoogleUtilities-UserDefaults' in project 'GoogleUtilities'
        ➜ Explicit dependency on target 'third-party-IsAppEncrypted' in project 'GoogleUtilities'
        ➜ Explicit dependency on target 'GoogleUtilities-Environment' in project 'GoogleUtilities'
        ➜ Explicit dependency on target 'GoogleUtilities-Logger' in project 'GoogleUtilities'
    Target 'GoogleUtilities-UserDefaults' in project 'GoogleUtilities'
        ➜ Explicit dependency on target 'GoogleUtilities_GoogleUtilities-UserDefaults' in project 'GoogleUtilities'
        ➜ Explicit dependency on target 'third-party-IsAppEncrypted' in project 'GoogleUtilities'
        ➜ Explicit dependency on target 'GoogleUtilities-Environment' in project 'GoogleUtilities'
        ➜ Explicit dependency on target 'GoogleUtilities-Logger' in project 'GoogleUtilities'
    Target 'GoogleUtilities_GoogleUtilities-UserDefaults' in project 'GoogleUtilities' (no dependencies)
    Target 'FBLPromises' in project 'Promises'
        ➜ Explicit dependency on target 'FBLPromises' in project 'Promises'
        ➜ Explicit dependency on target 'Promises_FBLPromises' in project 'Promises'
    Target 'FBLPromises' in project 'Promises'
        ➜ Explicit dependency on target 'Promises_FBLPromises' in project 'Promises'
    Target 'Promises_FBLPromises' in project 'Promises' (no dependencies)
    Target 'Firebase_FirebaseInstallations' in project 'Firebase' (no dependencies)
    Target 'GoogleMobileAds' in project 'GoogleMobileAds'
        ➜ Explicit dependency on target 'GoogleMobileAdsTarget' in project 'GoogleMobileAds'
        ➜ Explicit dependency on target 'GoogleUserMessagingPlatform' in project 'GoogleUserMessagingPlatform'
    Target 'GoogleMobileAdsTarget' in project 'GoogleMobileAds'
        ➜ Explicit dependency on target 'GoogleUserMessagingPlatform' in project 'GoogleUserMessagingPlatform'
    Target 'GoogleUserMessagingPlatform' in project 'GoogleUserMessagingPlatform'
        ➜ Explicit dependency on target 'UserMessagingPlatformTarget' in project 'GoogleUserMessagingPlatform'
    Target 'UserMessagingPlatformTarget' in project 'GoogleUserMessagingPlatform' (no dependencies)
    Target 'FirebaseAILogic' in project 'Firebase'
        ➜ Explicit dependency on target 'FirebaseAILogic' in project 'Firebase'
        ➜ Explicit dependency on target 'FirebaseAppCheckInterop' in project 'Firebase'
        ➜ Explicit dependency on target 'FirebaseAuthInterop' in project 'Firebase'
        ➜ Explicit dependency on target 'Firebase' in project 'Firebase'
        ➜ Explicit dependency on target 'FirebaseCoreInternal' in project 'Firebase'
        ➜ Explicit dependency on target 'FirebaseCore' in project 'Firebase'
        ➜ Explicit dependency on target 'FirebaseCoreExtension' in project 'Firebase'
        ➜ Explicit dependency on target 'GULNSData' in project 'GoogleUtilities'
        ➜ Explicit dependency on target 'GULEnvironment' in project 'GoogleUtilities'
        ➜ Explicit dependency on target 'GULLogger' in project 'GoogleUtilities'
    Target 'FirebaseAILogic' in project 'Firebase'
        ➜ Explicit dependency on target 'FirebaseAppCheckInterop' in project 'Firebase'
        ➜ Explicit dependency on target 'FirebaseAuthInterop' in project 'Firebase'
        ➜ Explicit dependency on target 'Firebase' in project 'Firebase'
        ➜ Explicit dependency on target 'FirebaseCoreInternal' in project 'Firebase'
        ➜ Explicit dependency on target 'FirebaseCore' in project 'Firebase'
        ➜ Explicit dependency on target 'FirebaseCoreExtension' in project 'Firebase'
        ➜ Explicit dependency on target 'GULNSData' in project 'GoogleUtilities'
        ➜ Explicit dependency on target 'GULEnvironment' in project 'GoogleUtilities'
        ➜ Explicit dependency on target 'GULLogger' in project 'GoogleUtilities'
    Target 'FirebaseCoreExtension' in project 'Firebase'
        ➜ Explicit dependency on target 'Firebase_FirebaseCoreExtension' in project 'Firebase'
    Target 'Firebase_FirebaseCoreExtension' in project 'Firebase' (no dependencies)
    Target 'FirebaseCore' in project 'Firebase'
        ➜ Explicit dependency on target 'Firebase_FirebaseCore' in project 'Firebase'
        ➜ Explicit dependency on target 'Firebase' in project 'Firebase'
        ➜ Explicit dependency on target 'FirebaseCoreInternal' in project 'Firebase'
        ➜ Explicit dependency on target 'GULNSData' in project 'GoogleUtilities'
        ➜ Explicit dependency on target 'GULEnvironment' in project 'GoogleUtilities'
        ➜ Explicit dependency on target 'GULLogger' in project 'GoogleUtilities'
    Target 'GULLogger' in project 'GoogleUtilities'
        ➜ Explicit dependency on target 'GoogleUtilities-Logger' in project 'GoogleUtilities'
        ➜ Explicit dependency on target 'GoogleUtilities_GoogleUtilities-Logger' in project 'GoogleUtilities'
        ➜ Explicit dependency on target 'third-party-IsAppEncrypted' in project 'GoogleUtilities'
        ➜ Explicit dependency on target 'GoogleUtilities-Environment' in project 'GoogleUtilities'
    Target 'GoogleUtilities-Logger' in project 'GoogleUtilities'
        ➜ Explicit dependency on target 'GoogleUtilities_GoogleUtilities-Logger' in project 'GoogleUtilities'
        ➜ Explicit dependency on target 'third-party-IsAppEncrypted' in project 'GoogleUtilities'
        ➜ Explicit dependency on target 'GoogleUtilities-Environment' in project 'GoogleUtilities'
    Target 'GoogleUtilities_GoogleUtilities-Logger' in project 'GoogleUtilities' (no dependencies)
    Target 'GULEnvironment' in project 'GoogleUtilities'
        ➜ Explicit dependency on target 'GoogleUtilities-Environment' in project 'GoogleUtilities'
        ➜ Explicit dependency on target 'GoogleUtilities_GoogleUtilities-Environment' in project 'GoogleUtilities'
        ➜ Explicit dependency on target 'third-party-IsAppEncrypted' in project 'GoogleUtilities'
    Target 'GoogleUtilities-Environment' in project 'GoogleUtilities'
        ➜ Explicit dependency on target 'GoogleUtilities_GoogleUtilities-Environment' in project 'GoogleUtilities'
        ➜ Explicit dependency on target 'third-party-IsAppEncrypted' in project 'GoogleUtilities'
    Target 'third-party-IsAppEncrypted' in project 'GoogleUtilities' (no dependencies)
    Target 'GoogleUtilities_GoogleUtilities-Environment' in project 'GoogleUtilities' (no dependencies)
    Target 'Firebase_FirebaseCore' in project 'Firebase' (no dependencies)
    Target 'FirebaseCoreInternal' in project 'Firebase'
        ➜ Explicit dependency on target 'Firebase_FirebaseCoreInternal' in project 'Firebase'
        ➜ Explicit dependency on target 'GULNSData' in project 'GoogleUtilities'
    Target 'GULNSData' in project 'GoogleUtilities'
        ➜ Explicit dependency on target 'GoogleUtilities-NSData' in project 'GoogleUtilities'
        ➜ Explicit dependency on target 'GoogleUtilities_GoogleUtilities-NSData' in project 'GoogleUtilities'
    Target 'GoogleUtilities-NSData' in project 'GoogleUtilities'
        ➜ Explicit dependency on target 'GoogleUtilities_GoogleUtilities-NSData' in project 'GoogleUtilities'
    Target 'GoogleUtilities_GoogleUtilities-NSData' in project 'GoogleUtilities' (no dependencies)
    Target 'Firebase_FirebaseCoreInternal' in project 'Firebase' (no dependencies)
    Target 'Firebase' in project 'Firebase' (no dependencies)
    Target 'FirebaseAuthInterop' in project 'Firebase' (no dependencies)
    Target 'FirebaseAppCheckInterop' in project 'Firebase' (no dependencies)

GatherProvisioningInputs

CreateBuildDescription

ExecuteExternalTool /Applications/Xcode.app/Contents/Developer/Toolchains/XcodeDefault.xctoolchain/usr/bin/clang -v -E -dM -arch arm64 -isysroot /Applications/Xcode.app/Contents/Developer/Platforms/iPhoneSimulator.platform/Developer/SDKs/iPhoneSimulator26.2.sdk -x objective-c -c /dev/null

ExecuteExternalTool /Applications/Xcode.app/Contents/Developer/Toolchains/XcodeDefault.xctoolchain/usr/bin/swiftc --version

ExecuteExternalTool /Applications/Xcode.app/Contents/Developer/Toolchains/XcodeDefault.xctoolchain/usr/bin/clang -v -E -dM -isysroot /Applications/Xcode.app/Contents/Developer/Platforms/iPhoneSimulator.platform/Developer/SDKs/iPhoneSimulator26.2.sdk -x c -c /dev/null

ExecuteExternalTool /Applications/Xcode.app/Contents/Developer/usr/bin/actool --print-asset-tag-combinations --output-format xml1 /Users/junaidamin/Documents/Projects/Neon Grid Buster/GridBuster/Assets.xcassets

ExecuteExternalTool /Applications/Xcode.app/Contents/Developer/usr/bin/actool --version --output-format xml1

ExecuteExternalTool /Applications/Xcode.app/Contents/Developer/Toolchains/XcodeDefault.xctoolchain/usr/bin/clang -v -E -dM -arch arm64 -isysroot /Applications/Xcode.app/Contents/Developer/Platforms/iPhoneSimulator.platform/Developer/SDKs/iPhoneSimulator26.2.sdk -x c -c /dev/null

ExecuteExternalTool /Applications/Xcode.app/Contents/Developer/Toolchains/XcodeDefault.xctoolchain/usr/bin/ld -version_details

Build description signature: 7d7e2a878e672b4e435a96c457b7729a
Build description path: /Users/junaidamin/Library/Developer/Xcode/DerivedData/NeonGridBuster-dfsupcuhlmdhzdglxxpjfuviqwjn/Build/Intermediates.noindex/XCBuildData/7d7e2a878e672b4e435a96c457b7729a.xcbuilddata
ClangStatCache /Applications/Xcode.app/Contents/Developer/Toolchains/XcodeDefault.xctoolchain/usr/bin/clang-stat-cache /Applications/Xcode.app/Contents/Developer/Platforms/iPhoneSimulator.platform/Developer/SDKs/iPhoneSimulator26.2.sdk /Users/junaidamin/Library/Developer/Xcode/DerivedData/SDKStatCaches.noindex/iphonesimulator26.2-23C53-7d00a8b37fbd7999ea79df8ebc024bf0.sdkstatcache
    cd /Users/junaidamin/Documents/Projects/Neon\ Grid\ Buster/NeonGridBuster.xcodeproj
    /Applications/Xcode.app/Contents/Developer/Toolchains/XcodeDefault.xctoolchain/usr/bin/clang-stat-cache /Applications/Xcode.app/Contents/Developer/Platforms/iPhoneSimulator.platform/Developer/SDKs/iPhoneSimulator26.2.sdk -o /Users/junaidamin/Library/Developer/Xcode/DerivedData/SDKStatCaches.noindex/iphonesimulator26.2-23C53-7d00a8b37fbd7999ea79df8ebc024bf0.sdkstatcache

ProcessInfoPlistFile /Users/junaidamin/Library/Developer/Xcode/DerivedData/NeonGridBuster-dfsupcuhlmdhzdglxxpjfuviqwjn/Build/Products/Debug-iphonesimulator/Firebase_FirebaseCoreInternal.bundle/Info.plist /Users/junaidamin/Library/Developer/Xcode/DerivedData/NeonGridBuster-dfsupcuhlmdhzdglxxpjfuviqwjn/Build/Intermediates.noindex/Firebase.build/Debug-iphonesimulator/Firebase_FirebaseCoreInternal.build/empty-Firebase_FirebaseCoreInternal.plist (in target 'Firebase_FirebaseCoreInternal' from project 'Firebase')
    cd /Users/junaidamin/Library/Developer/Xcode/DerivedData/NeonGridBuster-dfsupcuhlmdhzdglxxpjfuviqwjn/SourcePackages/checkouts/firebase-ios-sdk
    builtin-infoPlistUtility /Users/junaidamin/Library/Developer/Xcode/DerivedData/NeonGridBuster-dfsupcuhlmdhzdglxxpjfuviqwjn/Build/Intermediates.noindex/Firebase.build/Debug-iphonesimulator/Firebase_FirebaseCoreInternal.build/empty-Firebase_FirebaseCoreInternal.plist -producttype com.apple.product-type.bundle -expandbuildsettings -format binary -platform iphonesimulator -o /Users/junaidamin/Library/Developer/Xcode/DerivedData/NeonGridBuster-dfsupcuhlmdhzdglxxpjfuviqwjn/Build/Products/Debug-iphonesimulator/Firebase_FirebaseCoreInternal.bundle/Info.plist

ProcessInfoPlistFile /Users/junaidamin/Library/Developer/Xcode/DerivedData/NeonGridBuster-dfsupcuhlmdhzdglxxpjfuviqwjn/Build/Products/Debug-iphonesimulator/GoogleUtilities_GoogleUtilities-NSData.bundle/Info.plist /Users/junaidamin/Library/Developer/Xcode/DerivedData/NeonGridBuster-dfsupcuhlmdhzdglxxpjfuviqwjn/Build/Intermediates.noindex/GoogleUtilities.build/Debug-iphonesimulator/GoogleUtilities_GoogleUtilities-NSData.build/empty-GoogleUtilities_GoogleUtilities-NSData.plist (in target 'GoogleUtilities_GoogleUtilities-NSData' from project 'GoogleUtilities')
    cd /Users/junaidamin/Library/Developer/Xcode/DerivedData/NeonGridBuster-dfsupcuhlmdhzdglxxpjfuviqwjn/SourcePackages/checkouts/GoogleUtilities
    builtin-infoPlistUtility /Users/junaidamin/Library/Developer/Xcode/DerivedData/NeonGridBuster-dfsupcuhlmdhzdglxxpjfuviqwjn/Build/Intermediates.noindex/GoogleUtilities.build/Debug-iphonesimulator/GoogleUtilities_GoogleUtilities-NSData.build/empty-GoogleUtilities_GoogleUtilities-NSData.plist -producttype com.apple.product-type.bundle -expandbuildsettings -format binary -platform iphonesimulator -o /Users/junaidamin/Library/Developer/Xcode/DerivedData/NeonGridBuster-dfsupcuhlmdhzdglxxpjfuviqwjn/Build/Products/Debug-iphonesimulator/GoogleUtilities_GoogleUtilities-NSData.bundle/Info.plist

ProcessInfoPlistFile /Users/junaidamin/Library/Developer/Xcode/DerivedData/NeonGridBuster-dfsupcuhlmdhzdglxxpjfuviqwjn/Build/Products/Debug-iphonesimulator/Firebase_FirebaseCore.bundle/Info.plist /Users/junaidamin/Library/Developer/Xcode/DerivedData/NeonGridBuster-dfsupcuhlmdhzdglxxpjfuviqwjn/Build/Intermediates.noindex/Firebase.build/Debug-iphonesimulator/Firebase_FirebaseCore.build/empty-Firebase_FirebaseCore.plist (in target 'Firebase_FirebaseCore' from project 'Firebase')
    cd /Users/junaidamin/Library/Developer/Xcode/DerivedData/NeonGridBuster-dfsupcuhlmdhzdglxxpjfuviqwjn/SourcePackages/checkouts/firebase-ios-sdk
    builtin-infoPlistUtility /Users/junaidamin/Library/Developer/Xcode/DerivedData/NeonGridBuster-dfsupcuhlmdhzdglxxpjfuviqwjn/Build/Intermediates.noindex/Firebase.build/Debug-iphonesimulator/Firebase_FirebaseCore.build/empty-Firebase_FirebaseCore.plist -producttype com.apple.product-type.bundle -expandbuildsettings -format binary -platform iphonesimulator -o /Users/junaidamin/Library/Developer/Xcode/DerivedData/NeonGridBuster-dfsupcuhlmdhzdglxxpjfuviqwjn/Build/Products/Debug-iphonesimulator/Firebase_FirebaseCore.bundle/Info.plist

ProcessInfoPlistFile /Users/junaidamin/Library/Developer/Xcode/DerivedData/NeonGridBuster-dfsupcuhlmdhzdglxxpjfuviqwjn/Build/Products/Debug-iphonesimulator/GoogleUtilities_GoogleUtilities-Environment.bundle/Info.plist /Users/junaidamin/Library/Developer/Xcode/DerivedData/NeonGridBuster-dfsupcuhlmdhzdglxxpjfuviqwjn/Build/Intermediates.noindex/GoogleUtilities.build/Debug-iphonesimulator/GoogleUtilities_GoogleUtilities-Environment.build/empty-GoogleUtilities_GoogleUtilities-Environment.plist (in target 'GoogleUtilities_GoogleUtilities-Environment' from project 'GoogleUtilities')
    cd /Users/junaidamin/Library/Developer/Xcode/DerivedData/NeonGridBuster-dfsupcuhlmdhzdglxxpjfuviqwjn/SourcePackages/checkouts/GoogleUtilities
    builtin-infoPlistUtility /Users/junaidamin/Library/Developer/Xcode/DerivedData/NeonGridBuster-dfsupcuhlmdhzdglxxpjfuviqwjn/Build/Intermediates.noindex/GoogleUtilities.build/Debug-iphonesimulator/GoogleUtilities_GoogleUtilities-Environment.build/empty-GoogleUtilities_GoogleUtilities-Environment.plist -producttype com.apple.product-type.bundle -expandbuildsettings -format binary -platform iphonesimulator -o /Users/junaidamin/Library/Developer/Xcode/DerivedData/NeonGridBuster-dfsupcuhlmdhzdglxxpjfuviqwjn/Build/Products/Debug-iphonesimulator/GoogleUtilities_GoogleUtilities-Environment.bundle/Info.plist

ProcessInfoPlistFile /Users/junaidamin/Library/Developer/Xcode/DerivedData/NeonGridBuster-dfsupcuhlmdhzdglxxpjfuviqwjn/Build/Products/Debug-iphonesimulator/GoogleUtilities_GoogleUtilities-Logger.bundle/Info.plist /Users/junaidamin/Library/Developer/Xcode/DerivedData/NeonGridBuster-dfsupcuhlmdhzdglxxpjfuviqwjn/Build/Intermediates.noindex/GoogleUtilities.build/Debug-iphonesimulator/GoogleUtilities_GoogleUtilities-Logger.build/empty-GoogleUtilities_GoogleUtilities-Logger.plist (in target 'GoogleUtilities_GoogleUtilities-Logger' from project 'GoogleUtilities')
    cd /Users/junaidamin/Library/Developer/Xcode/DerivedData/NeonGridBuster-dfsupcuhlmdhzdglxxpjfuviqwjn/SourcePackages/checkouts/GoogleUtilities
    builtin-infoPlistUtility /Users/junaidamin/Library/Developer/Xcode/DerivedData/NeonGridBuster-dfsupcuhlmdhzdglxxpjfuviqwjn/Build/Intermediates.noindex/GoogleUtilities.build/Debug-iphonesimulator/GoogleUtilities_GoogleUtilities-Logger.build/empty-GoogleUtilities_GoogleUtilities-Logger.plist -producttype com.apple.product-type.bundle -expandbuildsettings -format binary -platform iphonesimulator -o /Users/junaidamin/Library/Developer/Xcode/DerivedData/NeonGridBuster-dfsupcuhlmdhzdglxxpjfuviqwjn/Build/Products/Debug-iphonesimulator/GoogleUtilities_GoogleUtilities-Logger.bundle/Info.plist

ProcessInfoPlistFile /Users/junaidamin/Library/Developer/Xcode/DerivedData/NeonGridBuster-dfsupcuhlmdhzdglxxpjfuviqwjn/Build/Products/Debug-iphonesimulator/Firebase_FirebaseCoreExtension.bundle/Info.plist /Users/junaidamin/Library/Developer/Xcode/DerivedData/NeonGridBuster-dfsupcuhlmdhzdglxxpjfuviqwjn/Build/Intermediates.noindex/Firebase.build/Debug-iphonesimulator/Firebase_FirebaseCoreExtension.build/empty-Firebase_FirebaseCoreExtension.plist (in target 'Firebase_FirebaseCoreExtension' from project 'Firebase')
    cd /Users/junaidamin/Library/Developer/Xcode/DerivedData/NeonGridBuster-dfsupcuhlmdhzdglxxpjfuviqwjn/SourcePackages/checkouts/firebase-ios-sdk
    builtin-infoPlistUtility /Users/junaidamin/Library/Developer/Xcode/DerivedData/NeonGridBuster-dfsupcuhlmdhzdglxxpjfuviqwjn/Build/Intermediates.noindex/Firebase.build/Debug-iphonesimulator/Firebase_FirebaseCoreExtension.build/empty-Firebase_FirebaseCoreExtension.plist -producttype com.apple.product-type.bundle -expandbuildsettings -format binary -platform iphonesimulator -o /Users/junaidamin/Library/Developer/Xcode/DerivedData/NeonGridBuster-dfsupcuhlmdhzdglxxpjfuviqwjn/Build/Products/Debug-iphonesimulator/Firebase_FirebaseCoreExtension.bundle/Info.plist

ProcessInfoPlistFile /Users/junaidamin/Library/Developer/Xcode/DerivedData/NeonGridBuster-dfsupcuhlmdhzdglxxpjfuviqwjn/Build/Products/Debug-iphonesimulator/nanopb_nanopb.bundle/Info.plist /Users/junaidamin/Library/Developer/Xcode/DerivedData/NeonGridBuster-dfsupcuhlmdhzdglxxpjfuviqwjn/Build/Intermediates.noindex/nanopb.build/Debug-iphonesimulator/nanopb_nanopb.build/empty-nanopb_nanopb.plist (in target 'nanopb_nanopb' from project 'nanopb')
    cd /Users/junaidamin/Library/Developer/Xcode/DerivedData/NeonGridBuster-dfsupcuhlmdhzdglxxpjfuviqwjn/SourcePackages/checkouts/nanopb
    builtin-infoPlistUtility /Users/junaidamin/Library/Developer/Xcode/DerivedData/NeonGridBuster-dfsupcuhlmdhzdglxxpjfuviqwjn/Build/Intermediates.noindex/nanopb.build/Debug-iphonesimulator/nanopb_nanopb.build/empty-nanopb_nanopb.plist -producttype com.apple.product-type.bundle -expandbuildsettings -format binary -platform iphonesimulator -o /Users/junaidamin/Library/Developer/Xcode/DerivedData/NeonGridBuster-dfsupcuhlmdhzdglxxpjfuviqwjn/Build/Products/Debug-iphonesimulator/nanopb_nanopb.bundle/Info.plist

ProcessInfoPlistFile /Users/junaidamin/Library/Developer/Xcode/DerivedData/NeonGridBuster-dfsupcuhlmdhzdglxxpjfuviqwjn/Build/Products/Debug-iphonesimulator/GoogleUtilities_GoogleUtilities-UserDefaults.bundle/Info.plist /Users/junaidamin/Library/Developer/Xcode/DerivedData/NeonGridBuster-dfsupcuhlmdhzdglxxpjfuviqwjn/Build/Intermediates.noindex/GoogleUtilities.build/Debug-iphonesimulator/GoogleUtilities_GoogleUtilities-UserDefaults.build/empty-GoogleUtilities_GoogleUtilities-UserDefaults.plist (in target 'GoogleUtilities_GoogleUtilities-UserDefaults' from project 'GoogleUtilities')
    cd /Users/junaidamin/Library/Developer/Xcode/DerivedData/NeonGridBuster-dfsupcuhlmdhzdglxxpjfuviqwjn/SourcePackages/checkouts/GoogleUtilities
    builtin-infoPlistUtility /Users/junaidamin/Library/Developer/Xcode/DerivedData/NeonGridBuster-dfsupcuhlmdhzdglxxpjfuviqwjn/Build/Intermediates.noindex/GoogleUtilities.build/Debug-iphonesimulator/GoogleUtilities_GoogleUtilities-UserDefaults.build/empty-GoogleUtilities_GoogleUtilities-UserDefaults.plist -producttype com.apple.product-type.bundle -expandbuildsettings -format binary -platform iphonesimulator -o /Users/junaidamin/Library/Developer/Xcode/DerivedData/NeonGridBuster-dfsupcuhlmdhzdglxxpjfuviqwjn/Build/Products/Debug-iphonesimulator/GoogleUtilities_GoogleUtilities-UserDefaults.bundle/Info.plist

ProcessInfoPlistFile /Users/junaidamin/Library/Developer/Xcode/DerivedData/NeonGridBuster-dfsupcuhlmdhzdglxxpjfuviqwjn/Build/Products/Debug-iphonesimulator/GoogleUtilities_GoogleUtilities-Reachability.bundle/Info.plist /Users/junaidamin/Library/Developer/Xcode/DerivedData/NeonGridBuster-dfsupcuhlmdhzdglxxpjfuviqwjn/Build/Intermediates.noindex/GoogleUtilities.build/Debug-iphonesimulator/GoogleUtilities_GoogleUtilities-Reachability.build/empty-GoogleUtilities_GoogleUtilities-Reachability.plist (in target 'GoogleUtilities_GoogleUtilities-Reachability' from project 'GoogleUtilities')
    cd /Users/junaidamin/Library/Developer/Xcode/DerivedData/NeonGridBuster-dfsupcuhlmdhzdglxxpjfuviqwjn/SourcePackages/checkouts/GoogleUtilities
    builtin-infoPlistUtility /Users/junaidamin/Library/Developer/Xcode/DerivedData/NeonGridBuster-dfsupcuhlmdhzdglxxpjfuviqwjn/Build/Intermediates.noindex/GoogleUtilities.build/Debug-iphonesimulator/GoogleUtilities_GoogleUtilities-Reachability.build/empty-GoogleUtilities_GoogleUtilities-Reachability.plist -producttype com.apple.product-type.bundle -expandbuildsettings -format binary -platform iphonesimulator -o /Users/junaidamin/Library/Developer/Xcode/DerivedData/NeonGridBuster-dfsupcuhlmdhzdglxxpjfuviqwjn/Build/Products/Debug-iphonesimulator/GoogleUtilities_GoogleUtilities-Reachability.bundle/Info.plist

ProcessInfoPlistFile /Users/junaidamin/Library/Developer/Xcode/DerivedData/NeonGridBuster-dfsupcuhlmdhzdglxxpjfuviqwjn/Build/Products/Debug-iphonesimulator/GoogleUtilities_GoogleUtilities-MethodSwizzler.bundle/Info.plist /Users/junaidamin/Library/Developer/Xcode/DerivedData/NeonGridBuster-dfsupcuhlmdhzdglxxpjfuviqwjn/Build/Intermediates.noindex/GoogleUtilities.build/Debug-iphonesimulator/GoogleUtilities_GoogleUtilities-MethodSwizzler.build/empty-GoogleUtilities_GoogleUtilities-MethodSwizzler.plist (in target 'GoogleUtilities_GoogleUtilities-MethodSwizzler' from project 'GoogleUtilities')
    cd /Users/junaidamin/Library/Developer/Xcode/DerivedData/NeonGridBuster-dfsupcuhlmdhzdglxxpjfuviqwjn/SourcePackages/checkouts/GoogleUtilities
    builtin-infoPlistUtility /Users/junaidamin/Library/Developer/Xcode/DerivedData/NeonGridBuster-dfsupcuhlmdhzdglxxpjfuviqwjn/Build/Intermediates.noindex/GoogleUtilities.build/Debug-iphonesimulator/GoogleUtilities_GoogleUtilities-MethodSwizzler.build/empty-GoogleUtilities_GoogleUtilities-MethodSwizzler.plist -producttype com.apple.product-type.bundle -expandbuildsettings -format binary -platform iphonesimulator -o /Users/junaidamin/Library/Developer/Xcode/DerivedData/NeonGridBuster-dfsupcuhlmdhzdglxxpjfuviqwjn/Build/Products/Debug-iphonesimulator/GoogleUtilities_GoogleUtilities-MethodSwizzler.bundle/Info.plist

ProcessInfoPlistFile /Users/junaidamin/Library/Developer/Xcode/DerivedData/NeonGridBuster-dfsupcuhlmdhzdglxxpjfuviqwjn/Build/Products/Debug-iphonesimulator/Promises_FBLPromises.bundle/Info.plist /Users/junaidamin/Library/Developer/Xcode/DerivedData/NeonGridBuster-dfsupcuhlmdhzdglxxpjfuviqwjn/Build/Intermediates.noindex/Promises.build/Debug-iphonesimulator/Promises_FBLPromises.build/empty-Promises_FBLPromises.plist (in target 'Promises_FBLPromises' from project 'Promises')
    cd /Users/junaidamin/Library/Developer/Xcode/DerivedData/NeonGridBuster-dfsupcuhlmdhzdglxxpjfuviqwjn/SourcePackages/checkouts/promises
    builtin-infoPlistUtility /Users/junaidamin/Library/Developer/Xcode/DerivedData/NeonGridBuster-dfsupcuhlmdhzdglxxpjfuviqwjn/Build/Intermediates.noindex/Promises.build/Debug-iphonesimulator/Promises_FBLPromises.build/empty-Promises_FBLPromises.plist -producttype com.apple.product-type.bundle -expandbuildsettings -format binary -platform iphonesimulator -o /Users/junaidamin/Library/Developer/Xcode/DerivedData/NeonGridBuster-dfsupcuhlmdhzdglxxpjfuviqwjn/Build/Products/Debug-iphonesimulator/Promises_FBLPromises.bundle/Info.plist

ProcessInfoPlistFile /Users/junaidamin/Library/Developer/Xcode/DerivedData/NeonGridBuster-dfsupcuhlmdhzdglxxpjfuviqwjn/Build/Products/Debug-iphonesimulator/GoogleUtilities_GoogleUtilities-AppDelegateSwizzler.bundle/Info.plist /Users/junaidamin/Library/Developer/Xcode/DerivedData/NeonGridBuster-dfsupcuhlmdhzdglxxpjfuviqwjn/Build/Intermediates.noindex/GoogleUtilities.build/Debug-iphonesimulator/GoogleUtilities_GoogleUtilities-AppDelegateSwizzler.build/empty-GoogleUtilities_GoogleUtilities-AppDelegateSwizzler.plist (in target 'GoogleUtilities_GoogleUtilities-AppDelegateSwizzler' from project 'GoogleUtilities')
    cd /Users/junaidamin/Library/Developer/Xcode/DerivedData/NeonGridBuster-dfsupcuhlmdhzdglxxpjfuviqwjn/SourcePackages/checkouts/GoogleUtilities
    builtin-infoPlistUtility /Users/junaidamin/Library/Developer/Xcode/DerivedData/NeonGridBuster-dfsupcuhlmdhzdglxxpjfuviqwjn/Build/Intermediates.noindex/GoogleUtilities.build/Debug-iphonesimulator/GoogleUtilities_GoogleUtilities-AppDelegateSwizzler.build/empty-GoogleUtilities_GoogleUtilities-AppDelegateSwizzler.plist -producttype com.apple.product-type.bundle -expandbuildsettings -format binary -platform iphonesimulator -o /Users/junaidamin/Library/Developer/Xcode/DerivedData/NeonGridBuster-dfsupcuhlmdhzdglxxpjfuviqwjn/Build/Products/Debug-iphonesimulator/GoogleUtilities_GoogleUtilities-AppDelegateSwizzler.bundle/Info.plist

ProcessInfoPlistFile /Users/junaidamin/Library/Developer/Xcode/DerivedData/NeonGridBuster-dfsupcuhlmdhzdglxxpjfuviqwjn/Build/Products/Debug-iphonesimulator/Firebase_FirebaseInstallations.bundle/Info.plist /Users/junaidamin/Library/Developer/Xcode/DerivedData/NeonGridBuster-dfsupcuhlmdhzdglxxpjfuviqwjn/Build/Intermediates.noindex/Firebase.build/Debug-iphonesimulator/Firebase_FirebaseInstallations.build/empty-Firebase_FirebaseInstallations.plist (in target 'Firebase_FirebaseInstallations' from project 'Firebase')
    cd /Users/junaidamin/Library/Developer/Xcode/DerivedData/NeonGridBuster-dfsupcuhlmdhzdglxxpjfuviqwjn/SourcePackages/checkouts/firebase-ios-sdk
    builtin-infoPlistUtility /Users/junaidamin/Library/Developer/Xcode/DerivedData/NeonGridBuster-dfsupcuhlmdhzdglxxpjfuviqwjn/Build/Intermediates.noindex/Firebase.build/Debug-iphonesimulator/Firebase_FirebaseInstallations.build/empty-Firebase_FirebaseInstallations.plist -producttype com.apple.product-type.bundle -expandbuildsettings -format binary -platform iphonesimulator -o /Users/junaidamin/Library/Developer/Xcode/DerivedData/NeonGridBuster-dfsupcuhlmdhzdglxxpjfuviqwjn/Build/Products/Debug-iphonesimulator/Firebase_FirebaseInstallations.bundle/Info.plist

ProcessInfoPlistFile /Users/junaidamin/Library/Developer/Xcode/DerivedData/NeonGridBuster-dfsupcuhlmdhzdglxxpjfuviqwjn/Build/Products/Debug-iphonesimulator/GoogleUtilities_GoogleUtilities-Network.bundle/Info.plist /Users/junaidamin/Library/Developer/Xcode/DerivedData/NeonGridBuster-dfsupcuhlmdhzdglxxpjfuviqwjn/Build/Intermediates.noindex/GoogleUtilities.build/Debug-iphonesimulator/GoogleUtilities_GoogleUtilities-Network.build/empty-GoogleUtilities_GoogleUtilities-Network.plist (in target 'GoogleUtilities_GoogleUtilities-Network' from project 'GoogleUtilities')
    cd /Users/junaidamin/Library/Developer/Xcode/DerivedData/NeonGridBuster-dfsupcuhlmdhzdglxxpjfuviqwjn/SourcePackages/checkouts/GoogleUtilities
    builtin-infoPlistUtility /Users/junaidamin/Library/Developer/Xcode/DerivedData/NeonGridBuster-dfsupcuhlmdhzdglxxpjfuviqwjn/Build/Intermediates.noindex/GoogleUtilities.build/Debug-iphonesimulator/GoogleUtilities_GoogleUtilities-Network.build/empty-GoogleUtilities_GoogleUtilities-Network.plist -producttype com.apple.product-type.bundle -expandbuildsettings -format binary -platform iphonesimulator -o /Users/junaidamin/Library/Developer/Xcode/DerivedData/NeonGridBuster-dfsupcuhlmdhzdglxxpjfuviqwjn/Build/Products/Debug-iphonesimulator/GoogleUtilities_GoogleUtilities-Network.bundle/Info.plist

ProcessProductPackaging "" /Users/junaidamin/Library/Developer/Xcode/DerivedData/NeonGridBuster-dfsupcuhlmdhzdglxxpjfuviqwjn/Build/Intermediates.noindex/NeonGridBuster.build/Debug-iphonesimulator/GridBuster.build/GridBuster.app-Simulated.xcent (in target 'GridBuster' from project 'NeonGridBuster')
    cd /Users/junaidamin/Documents/Projects/Neon\ Grid\ Buster
    
    Entitlements:
    
    {
    "application-identifier" = "F984RR57HL.com.mediatownapp.GridBuster";
}
    
    builtin-productPackagingUtility -entitlements -format xml -o /Users/junaidamin/Library/Developer/Xcode/DerivedData/NeonGridBuster-dfsupcuhlmdhzdglxxpjfuviqwjn/Build/Intermediates.noindex/NeonGridBuster.build/Debug-iphonesimulator/GridBuster.build/GridBuster.app-Simulated.xcent

ProcessProductPackagingDER /Users/junaidamin/Library/Developer/Xcode/DerivedData/NeonGridBuster-dfsupcuhlmdhzdglxxpjfuviqwjn/Build/Intermediates.noindex/NeonGridBuster.build/Debug-iphonesimulator/GridBuster.build/GridBuster.app-Simulated.xcent /Users/junaidamin/Library/Developer/Xcode/DerivedData/NeonGridBuster-dfsupcuhlmdhzdglxxpjfuviqwjn/Build/Intermediates.noindex/NeonGridBuster.build/Debug-iphonesimulator/GridBuster.build/GridBuster.app-Simulated.xcent.der (in target 'GridBuster' from project 'NeonGridBuster')
    cd /Users/junaidamin/Documents/Projects/Neon\ Grid\ Buster
    /usr/bin/derq query -f xml -i /Users/junaidamin/Library/Developer/Xcode/DerivedData/NeonGridBuster-dfsupcuhlmdhzdglxxpjfuviqwjn/Build/Intermediates.noindex/NeonGridBuster.build/Debug-iphonesimulator/GridBuster.build/GridBuster.app-Simulated.xcent -o /Users/junaidamin/Library/Developer/Xcode/DerivedData/NeonGridBuster-dfsupcuhlmdhzdglxxpjfuviqwjn/Build/Intermediates.noindex/NeonGridBuster.build/Debug-iphonesimulator/GridBuster.build/GridBuster.app-Simulated.xcent.der --raw

CompileAssetCatalogVariant thinned /Users/junaidamin/Library/Developer/Xcode/DerivedData/NeonGridBuster-dfsupcuhlmdhzdglxxpjfuviqwjn/Build/Products/Debug-iphonesimulator/GridBuster.app /Users/junaidamin/Documents/Projects/Neon\ Grid\ Buster/GridBuster/Assets.xcassets (in target 'GridBuster' from project 'NeonGridBuster')
    cd /Users/junaidamin/Documents/Projects/Neon\ Grid\ Buster
    /Applications/Xcode.app/Contents/Developer/usr/bin/actool /Users/junaidamin/Documents/Projects/Neon\ Grid\ Buster/GridBuster/Assets.xcassets --compile /Users/junaidamin/Library/Developer/Xcode/DerivedData/NeonGridBuster-dfsupcuhlmdhzdglxxpjfuviqwjn/Build/Intermediates.noindex/NeonGridBuster.build/Debug-iphonesimulator/GridBuster.build/assetcatalog_output/thinned --output-format human-readable-text --notices --warnings --export-dependency-info /Users/junaidamin/Library/Developer/Xcode/DerivedData/NeonGridBuster-dfsupcuhlmdhzdglxxpjfuviqwjn/Build/Intermediates.noindex/NeonGridBuster.build/Debug-iphonesimulator/GridBuster.build/assetcatalog_dependencies_thinned --output-partial-info-plist /Users/junaidamin/Library/Developer/Xcode/DerivedData/NeonGridBuster-dfsupcuhlmdhzdglxxpjfuviqwjn/Build/Intermediates.noindex/NeonGridBuster.build/Debug-iphonesimulator/GridBuster.build/assetcatalog_generated_info.plist_thinned --app-icon AppIcon --accent-color AccentColor --compress-pngs --enable-on-demand-resources YES --filter-for-thinning-device-configuration iPhone18,2 --filter-for-device-os-version 26.2 --development-region en --target-device iphone --target-device ipad --minimum-deployment-target 17.6 --platform iphonesimulator
/Users/junaidamin/Documents/Projects/Neon Grid Buster/GridBuster/Core/AdMob/BannerAdView.swift:90:9: error: expected ')' in expression list
        }
        ^
/Users/junaidamin/Documents/Projects/Neon Grid Buster/GridBuster/Core/AdMob/BannerAdView.swift:32:41: note: to match this opening '('
                                .overlay(
                                        ^
/Users/junaidamin/Documents/Projects/Neon Grid Buster/GridBuster/Core/AdMob/BannerAdView.swift:94:1: error: attribute 'fileprivate' can only be used in a non-local scope
fileprivate struct BannerAdRepresentable: UIViewControllerRepresentable {
^
/Users/junaidamin/Documents/Projects/Neon Grid Buster/GridBuster/Core/AdMob/BannerAdView.swift:163:1: error: expected '}' at end of brace statement

^
/Users/junaidamin/Documents/Projects/Neon Grid Buster/GridBuster/Core/AdMob/BannerAdView.swift:22:25: note: to match this opening '{'
    var body: some View {
                        ^
/Users/junaidamin/Documents/Projects/Neon Grid Buster/GridBuster/Core/AdMob/BannerAdView.swift:163:1: error: expected '}' in struct

^
/Users/junaidamin/Documents/Projects/Neon Grid Buster/GridBuster/Core/AdMob/BannerAdView.swift:4:27: note: to match this opening '{'
struct BannerAdView: View {
                          ^

SwiftDriver GridBuster normal arm64 com.apple.xcode.tools.swift.compiler (in target 'GridBuster' from project 'NeonGridBuster')
    cd /Users/junaidamin/Documents/Projects/Neon\ Grid\ Buster
    builtin-SwiftDriver -- /Applications/Xcode.app/Contents/Developer/Toolchains/XcodeDefault.xctoolchain/usr/bin/swiftc -module-name GridBuster -Onone -enforce-exclusivity\=checked @/Users/junaidamin/Library/Developer/Xcode/DerivedData/NeonGridBuster-dfsupcuhlmdhzdglxxpjfuviqwjn/Build/Intermediates.noindex/NeonGridBuster.build/Debug-iphonesimulator/GridBuster.build/Objects-normal/arm64/GridBuster.SwiftFileList -DDEBUG -Xcc -fmodule-map-file\=/Users/junaidamin/Library/Developer/Xcode/DerivedData/NeonGridBuster-dfsupcuhlmdhzdglxxpjfuviqwjn/Build/Intermediates.noindex/GeneratedModuleMaps-iphonesimulator/UserMessagingPlatformTarget.modulemap -Xcc -fmodule-map-file\=/Users/junaidamin/Library/Developer/Xcode/DerivedData/NeonGridBuster-dfsupcuhlmdhzdglxxpjfuviqwjn/Build/Intermediates.noindex/GeneratedModuleMaps-iphonesimulator/GoogleAppMeasurementIdentitySupportTarget.modulemap -Xcc -fmodule-map-file\=/Users/junaidamin/Library/Developer/Xcode/DerivedData/NeonGridBuster-dfsupcuhlmdhzdglxxpjfuviqwjn/Build/Intermediates.noindex/GeneratedModuleMaps-iphonesimulator/FirebaseAnalyticsIdentitySupportTarget.modulemap -Xcc -fmodule-map-file\=/Users/junaidamin/Library/Developer/Xcode/DerivedData/NeonGridBuster-dfsupcuhlmdhzdglxxpjfuviqwjn/Build/Intermediates.noindex/GeneratedModuleMaps-iphonesimulator/GoogleAppMeasurementCoreTarget.modulemap -Xcc -fmodule-map-file\=/Users/junaidamin/Library/Developer/Xcode/DerivedData/NeonGridBuster-dfsupcuhlmdhzdglxxpjfuviqwjn/Build/Intermediates.noindex/GeneratedModuleMaps-iphonesimulator/FirebaseAnalyticsCoreWrapper.modulemap -Xcc -fmodule-map-file\=/Users/junaidamin/Library/Developer/Xcode/DerivedData/NeonGridBuster-dfsupcuhlmdhzdglxxpjfuviqwjn/Build/Intermediates.noindex/GeneratedModuleMaps-iphonesimulator/FirebaseAnalyticsCoreTarget.modulemap -Xcc -fmodule-map-file\=/Users/junaidamin/Library/Developer/Xcode/DerivedData/NeonGridBuster-dfsupcuhlmdhzdglxxpjfuviqwjn/Build/Intermediates.noindex/GeneratedModuleMaps-iphonesimulator/GoogleUtilities-UserDefaults.modulemap -Xcc -fmodule-map-file\=/Users/junaidamin/Library/Developer/Xcode/DerivedData/NeonGridBuster-dfsupcuhlmdhzdglxxpjfuviqwjn/Build/Intermediates.noindex/GeneratedModuleMaps-iphonesimulator/GoogleAdsOnDeviceConversionTarget.modulemap -Xcc -fmodule-map-file\=/Users/junaidamin/Library/Developer/Xcode/DerivedData/NeonGridBuster-dfsupcuhlmdhzdglxxpjfuviqwjn/Build/Intermediates.noindex/GeneratedModuleMaps-iphonesimulator/GoogleAppMeasurementTarget.modulemap -Xcc -fmodule-map-file\=/Users/junaidamin/Library/Developer/Xcode/DerivedData/NeonGridBuster-dfsupcuhlmdhzdglxxpjfuviqwjn/Build/Intermediates.noindex/GeneratedModuleMaps-iphonesimulator/GoogleUtilities-AppDelegateSwizzler.modulemap -Xcc -fmodule-map-file\=/Users/junaidamin/Library/Developer/Xcode/DerivedData/NeonGridBuster-dfsupcuhlmdhzdglxxpjfuviqwjn/Build/Intermediates.noindex/GeneratedModuleMaps-iphonesimulator/GoogleUtilities-MethodSwizzler.modulemap -Xcc -fmodule-map-file\=/Users/junaidamin/Library/Developer/Xcode/DerivedData/NeonGridBuster-dfsupcuhlmdhzdglxxpjfuviqwjn/Build/Intermediates.noindex/GeneratedModuleMaps-iphonesimulator/GoogleUtilities-Reachability.modulemap -Xcc -fmodule-map-file\=/Users/junaidamin/Library/Developer/Xcode/DerivedData/NeonGridBuster-dfsupcuhlmdhzdglxxpjfuviqwjn/Build/Intermediates.noindex/GeneratedModuleMaps-iphonesimulator/GoogleUtilities-Network.modulemap -Xcc -fmodule-map-file\=/Users/junaidamin/Library/Developer/Xcode/DerivedData/NeonGridBuster-dfsupcuhlmdhzdglxxpjfuviqwjn/Build/Intermediates.noindex/GeneratedModuleMaps-iphonesimulator/nanopb.modulemap -Xcc -fmodule-map-file\=/Users/junaidamin/Library/Developer/Xcode/DerivedData/NeonGridBuster-dfsupcuhlmdhzdglxxpjfuviqwjn/Build/Intermediates.noindex/GeneratedModuleMaps-iphonesimulator/FirebaseAnalyticsWrapper.modulemap -Xcc -fmodule-map-file\=/Users/junaidamin/Library/Developer/Xcode/DerivedData/NeonGridBuster-dfsupcuhlmdhzdglxxpjfuviqwjn/Build/Intermediates.noindex/GeneratedModuleMaps-iphonesimulator/FirebaseInstallations.modulemap -Xcc -fmodule-map-file\=/Users/junaidamin/Library/Developer/Xcode/DerivedData/NeonGridBuster-dfsupcuhlmdhzdglxxpjfuviqwjn/Build/Intermediates.noindex/GeneratedModuleMaps-iphonesimulator/FirebaseAnalyticsTarget.modulemap -Xcc -fmodule-map-file\=/Users/junaidamin/Library/Developer/Xcode/DerivedData/NeonGridBuster-dfsupcuhlmdhzdglxxpjfuviqwjn/Build/Intermediates.noindex/GeneratedModuleMaps-iphonesimulator/GoogleUtilities-NSData.modulemap -Xcc -fmodule-map-file\=/Users/junaidamin/Library/Developer/Xcode/DerivedData/NeonGridBuster-dfsupcuhlmdhzdglxxpjfuviqwjn/Build/Intermediates.noindex/GeneratedModuleMaps-iphonesimulator/GoogleUtilities-Environment.modulemap -Xcc -fmodule-map-file\=/Users/junaidamin/Library/Developer/Xcode/DerivedData/NeonGridBuster-dfsupcuhlmdhzdglxxpjfuviqwjn/Build/Intermediates.noindex/GeneratedModuleMaps-iphonesimulator/third-party-IsAppEncrypted.modulemap -Xcc -fmodule-map-file\=/Users/junaidamin/Library/Developer/Xcode/DerivedData/NeonGridBuster-dfsupcuhlmdhzdglxxpjfuviqwjn/Build/Intermediates.noindex/GeneratedModuleMaps-iphonesimulator/GoogleUtilities-Logger.modulemap -Xcc -fmodule-map-file\=/Users/junaidamin/Library/Developer/Xcode/DerivedData/NeonGridBuster-dfsupcuhlmdhzdglxxpjfuviqwjn/Build/Intermediates.noindex/GeneratedModuleMaps-iphonesimulator/FirebaseCoreExtension.modulemap -Xcc -fmodule-map-file\=/Users/junaidamin/Library/Developer/Xcode/DerivedData/NeonGridBuster-dfsupcuhlmdhzdglxxpjfuviqwjn/Build/Intermediates.noindex/GeneratedModuleMaps-iphonesimulator/FirebaseCore.modulemap -Xcc -fmodule-map-file\=/Users/junaidamin/Library/Developer/Xcode/DerivedData/NeonGridBuster-dfsupcuhlmdhzdglxxpjfuviqwjn/Build/Intermediates.noindex/GeneratedModuleMaps-iphonesimulator/FirebaseAuthInterop.modulemap -Xcc -fmodule-map-file\=/Users/junaidamin/Library/Developer/Xcode/DerivedData/NeonGridBuster-dfsupcuhlmdhzdglxxpjfuviqwjn/Build/Intermediates.noindex/GeneratedModuleMaps-iphonesimulator/FirebaseAppCheckInterop.modulemap -Xcc -Wno-incomplete-umbrella -Xcc -Wno-private-header -default-isolation\=MainActor -enable-bare-slash-regex -enable-upcoming-feature DisableOutwardActorInference -enable-upcoming-feature InferSendableFromCaptures -enable-upcoming-feature GlobalActorIsolatedTypesUsability -enable-upcoming-feature MemberImportVisibility -enable-upcoming-feature InferIsolatedConformances -enable-upcoming-feature NonisolatedNonsendingByDefault -enable-experimental-feature DebugDescriptionMacro -sdk /Applications/Xcode.app/Contents/Developer/Platforms/iPhoneSimulator.platform/Developer/SDKs/iPhoneSimulator26.2.sdk -target arm64-apple-ios17.6-simulator -g -module-cache-path /Users/junaidamin/Library/Developer/Xcode/DerivedData/ModuleCache.noindex -Xfrontend -serialize-debugging-options -enable-testing -index-store-path /Users/junaidamin/Library/Developer/Xcode/DerivedData/NeonGridBuster-dfsupcuhlmdhzdglxxpjfuviqwjn/Index.noindex/DataStore -Xcc -D_LIBCPP_HARDENING_MODE\=_LIBCPP_HARDENING_MODE_DEBUG -swift-version 5 -I /Users/junaidamin/Library/Developer/Xcode/DerivedData/NeonGridBuster-dfsupcuhlmdhzdglxxpjfuviqwjn/Build/Products/Debug-iphonesimulator -F /Users/junaidamin/Library/Developer/Xcode/DerivedData/NeonGridBuster-dfsupcuhlmdhzdglxxpjfuviqwjn/Build/Products/Debug-iphonesimulator/PackageFrameworks -F /Users/junaidamin/Library/Developer/Xcode/DerivedData/NeonGridBuster-dfsupcuhlmdhzdglxxpjfuviqwjn/Build/Products/Debug-iphonesimulator/PackageFrameworks -F /Users/junaidamin/Library/Developer/Xcode/DerivedData/NeonGridBuster-dfsupcuhlmdhzdglxxpjfuviqwjn/Build/Products/Debug-iphonesimulator/PackageFrameworks -F /Users/junaidamin/Library/Developer/Xcode/DerivedData/NeonGridBuster-dfsupcuhlmdhzdglxxpjfuviqwjn/Build/Products/Debug-iphonesimulator/PackageFrameworks -F /Users/junaidamin/Library/Developer/Xcode/DerivedData/NeonGridBuster-dfsupcuhlmdhzdglxxpjfuviqwjn/Build/Products/Debug-iphonesimulator/PackageFrameworks -F /Users/junaidamin/Library/Developer/Xcode/DerivedData/NeonGridBuster-dfsupcuhlmdhzdglxxpjfuviqwjn/Build/Products/Debug-iphonesimulator/PackageFrameworks -F /Users/junaidamin/Library/Developer/Xcode/DerivedData/NeonGridBuster-dfsupcuhlmdhzdglxxpjfuviqwjn/Build/Products/Debug-iphonesimulator/PackageFrameworks -F /Users/junaidamin/Library/Developer/Xcode/DerivedData/NeonGridBuster-dfsupcuhlmdhzdglxxpjfuviqwjn/Build/Products/Debug-iphonesimulator/PackageFrameworks -F /Users/junaidamin/Library/Developer/Xcode/DerivedData/NeonGridBuster-dfsupcuhlmdhzdglxxpjfuviqwjn/Build/Products/Debug-iphonesimulator/PackageFrameworks -F /Users/junaidamin/Library/Developer/Xcode/DerivedData/NeonGridBuster-dfsupcuhlmdhzdglxxpjfuviqwjn/Build/Products/Debug-iphonesimulator/PackageFrameworks -F /Users/junaidamin/Library/Developer/Xcode/DerivedData/NeonGridBuster-dfsupcuhlmdhzdglxxpjfuviqwjn/Build/Products/Debug-iphonesimulator/PackageFrameworks -F /Users/junaidamin/Library/Developer/Xcode/DerivedData/NeonGridBuster-dfsupcuhlmdhzdglxxpjfuviqwjn/Build/Products/Debug-iphonesimulator/PackageFrameworks -F /Users/junaidamin/Library/Developer/Xcode/DerivedData/NeonGridBuster-dfsupcuhlmdhzdglxxpjfuviqwjn/Build/Products/Debug-iphonesimulator/PackageFrameworks -F /Users/junaidamin/Library/Developer/Xcode/DerivedData/NeonGridBuster-dfsupcuhlmdhzdglxxpjfuviqwjn/Build/Products/Debug-iphonesimulator/PackageFrameworks -F /Users/junaidamin/Library/Developer/Xcode/DerivedData/NeonGridBuster-dfsupcuhlmdhzdglxxpjfuviqwjn/Build/Products/Debug-iphonesimulator/PackageFrameworks -F /Users/junaidamin/Library/Developer/Xcode/DerivedData/NeonGridBuster-dfsupcuhlmdhzdglxxpjfuviqwjn/Build/Products/Debug-iphonesimulator/PackageFrameworks -F /Users/junaidamin/Library/Developer/Xcode/DerivedData/NeonGridBuster-dfsupcuhlmdhzdglxxpjfuviqwjn/Build/Products/Debug-iphonesimulator/PackageFrameworks -F /Users/junaidamin/Library/Developer/Xcode/DerivedData/NeonGridBuster-dfsupcuhlmdhzdglxxpjfuviqwjn/Build/Products/Debug-iphonesimulator/PackageFrameworks -F /Users/junaidamin/Library/Developer/Xcode/DerivedData/NeonGridBuster-dfsupcuhlmdhzdglxxpjfuviqwjn/Build/Products/Debug-iphonesimulator/PackageFrameworks -F /Users/junaidamin/Library/Developer/Xcode/DerivedData/NeonGridBuster-dfsupcuhlmdhzdglxxpjfuviqwjn/Build/Products/Debug-iphonesimulator/PackageFrameworks -F /Users/junaidamin/Library/Developer/Xcode/DerivedData/NeonGridBuster-dfsupcuhlmdhzdglxxpjfuviqwjn/Build/Products/Debug-iphonesimulator/PackageFrameworks -F /Users/junaidamin/Library/Developer/Xcode/DerivedData/NeonGridBuster-dfsupcuhlmdhzdglxxpjfuviqwjn/Build/Products/Debug-iphonesimulator/PackageFrameworks -F /Users/junaidamin/Library/Developer/Xcode/DerivedData/NeonGridBuster-dfsupcuhlmdhzdglxxpjfuviqwjn/Build/Products/Debug-iphonesimulator/PackageFrameworks -F /Users/junaidamin/Library/Developer/Xcode/DerivedData/NeonGridBuster-dfsupcuhlmdhzdglxxpjfuviqwjn/Build/Products/Debug-iphonesimulator/PackageFrameworks -F /Users/junaidamin/Library/Developer/Xcode/DerivedData/NeonGridBuster-dfsupcuhlmdhzdglxxpjfuviqwjn/Build/Products/Debug-iphonesimulator/PackageFrameworks -F /Users/junaidamin/Library/Developer/Xcode/DerivedData/NeonGridBuster-dfsupcuhlmdhzdglxxpjfuviqwjn/Build/Products/Debug-iphonesimulator/PackageFrameworks -F /Users/junaidamin/Library/Developer/Xcode/DerivedData/NeonGridBuster-dfsupcuhlmdhzdglxxpjfuviqwjn/Build/Products/Debug-iphonesimulator/PackageFrameworks -F /Users/junaidamin/Library/Developer/Xcode/DerivedData/NeonGridBuster-dfsupcuhlmdhzdglxxpjfuviqwjn/Build/Products/Debug-iphonesimulator/PackageFrameworks -F /Users/junaidamin/Library/Developer/Xcode/DerivedData/NeonGridBuster-dfsupcuhlmdhzdglxxpjfuviqwjn/Build/Products/Debug-iphonesimulator/PackageFrameworks -F /Users/junaidamin/Library/Developer/Xcode/DerivedData/NeonGridBuster-dfsupcuhlmdhzdglxxpjfuviqwjn/Build/Products/Debug-iphonesimulator/PackageFrameworks -F /Users/junaidamin/Library/Developer/Xcode/DerivedData/NeonGridBuster-dfsupcuhlmdhzdglxxpjfuviqwjn/Build/Products/Debug-iphonesimulator/PackageFrameworks -F /Users/junaidamin/Library/Developer/Xcode/DerivedData/NeonGridBuster-dfsupcuhlmdhzdglxxpjfuviqwjn/Build/Products/Debug-iphonesimulator -emit-localized-strings -emit-localized-strings-path /Users/junaidamin/Library/Developer/Xcode/DerivedData/NeonGridBuster-dfsupcuhlmdhzdglxxpjfuviqwjn/Build/Intermediates.noindex/NeonGridBuster.build/Debug-iphonesimulator/GridBuster.build/Objects-normal/arm64 -c -j8 -enable-batch-mode -incremental -Xcc -ivfsstatcache -Xcc /Users/junaidamin/Library/Developer/Xcode/DerivedData/SDKStatCaches.noindex/iphonesimulator26.2-23C53-7d00a8b37fbd7999ea79df8ebc024bf0.sdkstatcache -output-file-map /Users/junaidamin/Library/Developer/Xcode/DerivedData/NeonGridBuster-dfsupcuhlmdhzdglxxpjfuviqwjn/Build/Intermediates.noindex/NeonGridBuster.build/Debug-iphonesimulator/GridBuster.build/Objects-normal/arm64/GridBuster-OutputFileMap.json -use-frontend-parseable-output -save-temps -no-color-diagnostics -explicit-module-build -module-cache-path /Users/junaidamin/Library/Developer/Xcode/DerivedData/NeonGridBuster-dfsupcuhlmdhzdglxxpjfuviqwjn/Build/Intermediates.noindex/SwiftExplicitPrecompiledModules -clang-scanner-module-cache-path /Users/junaidamin/Library/Developer/Xcode/DerivedData/ModuleCache.noindex -sdk-module-cache-path /Users/junaidamin/Library/Developer/Xcode/DerivedData/ModuleCache.noindex -serialize-diagnostics -emit-dependencies -emit-module -emit-module-path /Users/junaidamin/Library/Developer/Xcode/DerivedData/NeonGridBuster-dfsupcuhlmdhzdglxxpjfuviqwjn/Build/Intermediates.noindex/NeonGridBuster.build/Debug-iphonesimulator/GridBuster.build/Objects-normal/arm64/GridBuster.swiftmodule -validate-clang-modules-once -clang-build-session-file /Users/junaidamin/Library/Developer/Xcode/DerivedData/ModuleCache.noindex/Session.modulevalidation -Xcc -I/Users/junaidamin/Library/Developer/Xcode/DerivedData/NeonGridBuster-dfsupcuhlmdhzdglxxpjfuviqwjn/Build/Intermediates.noindex/NeonGridBuster.build/Debug-iphonesimulator/GridBuster.build/swift-overrides.hmap -emit-const-values -Xfrontend -const-gather-protocols-file -Xfrontend /Users/junaidamin/Library/Developer/Xcode/DerivedData/NeonGridBuster-dfsupcuhlmdhzdglxxpjfuviqwjn/Build/Intermediates.noindex/NeonGridBuster.build/Debug-iphonesimulator/GridBuster.build/Objects-normal/arm64/GridBuster_const_extract_protocols.json -Xcc -iquote -Xcc /Users/junaidamin/Library/Developer/Xcode/DerivedData/NeonGridBuster-dfsupcuhlmdhzdglxxpjfuviqwjn/Build/Intermediates.noindex/NeonGridBuster.build/Debug-iphonesimulator/GridBuster.build/GridBuster-generated-files.hmap -Xcc -I/Users/junaidamin/Library/Developer/Xcode/DerivedData/NeonGridBuster-dfsupcuhlmdhzdglxxpjfuviqwjn/Build/Intermediates.noindex/NeonGridBuster.build/Debug-iphonesimulator/GridBuster.build/GridBuster-own-target-headers.hmap -Xcc -I/Users/junaidamin/Library/Developer/Xcode/DerivedData/NeonGridBuster-dfsupcuhlmdhzdglxxpjfuviqwjn/Build/Intermediates.noindex/NeonGridBuster.build/Debug-iphonesimulator/GridBuster.build/GridBuster-all-non-framework-target-headers.hmap -Xcc -ivfsoverlay -Xcc /Users/junaidamin/Library/Developer/Xcode/DerivedData/NeonGridBuster-dfsupcuhlmdhzdglxxpjfuviqwjn/Build/Intermediates.noindex/NeonGridBuster.build/Debug-iphonesimulator/NeonGridBuster-65a02b4e54637d953db4b67e0f14578f-VFS-iphonesimulator/all-product-headers.yaml -Xcc -iquote -Xcc /Users/junaidamin/Library/Developer/Xcode/DerivedData/NeonGridBuster-dfsupcuhlmdhzdglxxpjfuviqwjn/Build/Intermediates.noindex/NeonGridBuster.build/Debug-iphonesimulator/GridBuster.build/GridBuster-project-headers.hmap -Xcc -I/Users/junaidamin/Library/Developer/Xcode/DerivedData/NeonGridBuster-dfsupcuhlmdhzdglxxpjfuviqwjn/SourcePackages/checkouts/swift-package-manager-google-user-messaging-platform/UserMessagingPlatformTarget/include -Xcc -I/Users/junaidamin/Library/Developer/Xcode/DerivedData/NeonGridBuster-dfsupcuhlmdhzdglxxpjfuviqwjn/SourcePackages/checkouts/GoogleAppMeasurement/GoogleAppMeasurementIdentitySupportWrapper/include -Xcc -I/Users/junaidamin/Library/Developer/Xcode/DerivedData/NeonGridBuster-dfsupcuhlmdhzdglxxpjfuviqwjn/SourcePackages/checkouts/firebase-ios-sdk/FirebaseAnalyticsIdentitySupportWrapper/include -Xcc -I/Users/junaidamin/Library/Developer/Xcode/DerivedData/NeonGridBuster-dfsupcuhlmdhzdglxxpjfuviqwjn/SourcePackages/checkouts/GoogleAppMeasurement/GoogleAppMeasurementCoreWrapper/include -Xcc -I/Users/junaidamin/Library/Developer/Xcode/DerivedData/NeonGridBuster-dfsupcuhlmdhzdglxxpjfuviqwjn/SourcePackages/checkouts/firebase-ios-sdk/FirebaseAnalyticsCoreWrapper/include -Xcc -I/Users/junaidamin/Library/Developer/Xcode/DerivedData/NeonGridBuster-dfsupcuhlmdhzdglxxpjfuviqwjn/SourcePackages/checkouts/firebase-ios-sdk/SwiftPM-PlatformExclude/FirebaseAnalyticsCoreWrap/include -Xcc -I/Users/junaidamin/Library/Developer/Xcode/DerivedData/NeonGridBuster-dfsupcuhlmdhzdglxxpjfuviqwjn/SourcePackages/checkouts/promises/Sources/FBLPromises/include -Xcc -I/Users/junaidamin/Library/Developer/Xcode/DerivedData/NeonGridBuster-dfsupcuhlmdhzdglxxpjfuviqwjn/SourcePackages/checkouts/GoogleUtilities/GoogleUtilities/UserDefaults/Public -Xcc -I/Users/junaidamin/Library/Developer/Xcode/DerivedData/NeonGridBuster-dfsupcuhlmdhzdglxxpjfuviqwjn/SourcePackages/checkouts/google-ads-on-device-conversion-ios-sdk/GoogleAdsOnDeviceConversionWrapper/include -Xcc -I/Users/junaidamin/Library/Developer/Xcode/DerivedData/NeonGridBuster-dfsupcuhlmdhzdglxxpjfuviqwjn/SourcePackages/checkouts/GoogleAppMeasurement/GoogleAppMeasurementWrapper/include -Xcc -I/Users/junaidamin/Library/Developer/Xcode/DerivedData/NeonGridBuster-dfsupcuhlmdhzdglxxpjfuviqwjn/SourcePackages/checkouts/GoogleUtilities/GoogleUtilities/AppDelegateSwizzler/Public -Xcc -I/Users/junaidamin/Library/Developer/Xcode/DerivedData/NeonGridBuster-dfsupcuhlmdhzdglxxpjfuviqwjn/SourcePackages/checkouts/GoogleUtilities/GoogleUtilities/MethodSwizzler/Public -Xcc -I/Users/junaidamin/Library/Developer/Xcode/DerivedData/NeonGridBuster-dfsupcuhlmdhzdglxxpjfuviqwjn/SourcePackages/checkouts/GoogleUtilities/GoogleUtilities/Reachability/Public -Xcc -I/Users/junaidamin/Library/Developer/Xcode/DerivedData/NeonGridBuster-dfsupcuhlmdhzdglxxpjfuviqwjn/SourcePackages/checkouts/GoogleUtilities/GoogleUtilities/Network/Public -Xcc -I/Users/junaidamin/Library/Developer/Xcode/DerivedData/NeonGridBuster-dfsupcuhlmdhzdglxxpjfuviqwjn/SourcePackages/checkouts/nanopb/spm_headers -Xcc -I/Users/junaidamin/Library/Developer/Xcode/DerivedData/NeonGridBuster-dfsupcuhlmdhzdglxxpjfuviqwjn/SourcePackages/checkouts/firebase-ios-sdk/FirebaseAnalyticsWrapper/include -Xcc -I/Users/junaidamin/Library/Developer/Xcode/DerivedData/NeonGridBuster-dfsupcuhlmdhzdglxxpjfuviqwjn/SourcePackages/checkouts/firebase-ios-sdk/FirebaseInstallations/Source/Library/Public -Xcc -I/Users/junaidamin/Library/Developer/Xcode/DerivedData/NeonGridBuster-dfsupcuhlmdhzdglxxpjfuviqwjn/SourcePackages/checkouts/firebase-ios-sdk/SwiftPM-PlatformExclude/FirebaseAnalyticsWrap/include -Xcc -I/Users/junaidamin/Library/Developer/Xcode/DerivedData/NeonGridBuster-dfsupcuhlmdhzdglxxpjfuviqwjn/SourcePackages/checkouts/GoogleUtilities/GoogleUtilities/NSData+zlib/Public -Xcc -I/Users/junaidamin/Library/Developer/Xcode/DerivedData/NeonGridBuster-dfsupcuhlmdhzdglxxpjfuviqwjn/SourcePackages/checkouts/GoogleUtilities/GoogleUtilities/Environment/Public -Xcc -I/Users/junaidamin/Library/Developer/Xcode/DerivedData/NeonGridBuster-dfsupcuhlmdhzdglxxpjfuviqwjn/SourcePackages/checkouts/GoogleUtilities/third_party/IsAppEncrypted/Public -Xcc -I/Users/junaidamin/Library/Developer/Xcode/DerivedData/NeonGridBuster-dfsupcuhlmdhzdglxxpjfuviqwjn/SourcePackages/checkouts/GoogleUtilities/GoogleUtilities/Logger/Public -Xcc -I/Users/junaidamin/Library/Developer/Xcode/DerivedData/NeonGridBuster-dfsupcuhlmdhzdglxxpjfuviqwjn/SourcePackages/checkouts/firebase-ios-sdk/FirebaseCore/Extension -Xcc -I/Users/junaidamin/Library/Developer/Xcode/DerivedData/NeonGridBuster-dfsupcuhlmdhzdglxxpjfuviqwjn/SourcePackages/checkouts/firebase-ios-sdk/FirebaseCore/Sources/Public -Xcc -I/Users/junaidamin/Library/Developer/Xcode/DerivedData/NeonGridBuster-dfsupcuhlmdhzdglxxpjfuviqwjn/SourcePackages/checkouts/firebase-ios-sdk/CoreOnly/Sources -Xcc -I/Users/junaidamin/Library/Developer/Xcode/DerivedData/NeonGridBuster-dfsupcuhlmdhzdglxxpjfuviqwjn/SourcePackages/checkouts/firebase-ios-sdk/FirebaseAuth/Interop/Public -Xcc -I/Users/junaidamin/Library/Developer/Xcode/DerivedData/NeonGridBuster-dfsupcuhlmdhzdglxxpjfuviqwjn/SourcePackages/checkouts/firebase-ios-sdk/FirebaseAppCheck/Interop/Public -Xcc -I/Users/junaidamin/Library/Developer/Xcode/DerivedData/NeonGridBuster-dfsupcuhlmdhzdglxxpjfuviqwjn/Build/Products/Debug-iphonesimulator/include -Xcc -I/Users/junaidamin/Library/Developer/Xcode/DerivedData/NeonGridBuster-dfsupcuhlmdhzdglxxpjfuviqwjn/Build/Intermediates.noindex/NeonGridBuster.build/Debug-iphonesimulator/GridBuster.build/DerivedSources-normal/arm64 -Xcc -I/Users/junaidamin/Library/Developer/Xcode/DerivedData/NeonGridBuster-dfsupcuhlmdhzdglxxpjfuviqwjn/Build/Intermediates.noindex/NeonGridBuster.build/Debug-iphonesimulator/GridBuster.build/DerivedSources/arm64 -Xcc -I/Users/junaidamin/Library/Developer/Xcode/DerivedData/NeonGridBuster-dfsupcuhlmdhzdglxxpjfuviqwjn/Build/Intermediates.noindex/NeonGridBuster.build/Debug-iphonesimulator/GridBuster.build/DerivedSources -Xcc -DDEBUG\=1 -emit-objc-header -emit-objc-header-path /Users/junaidamin/Library/Developer/Xcode/DerivedData/NeonGridBuster-dfsupcuhlmdhzdglxxpjfuviqwjn/Build/Intermediates.noindex/NeonGridBuster.build/Debug-iphonesimulator/GridBuster.build/Objects-normal/arm64/GridBuster-Swift.h -working-directory /Users/junaidamin/Documents/Projects/Neon\ Grid\ Buster -experimental-emit-module-separately -disable-cmo
/Users/junaidamin/Documents/Projects/Neon Grid Buster/GridBuster/Core/AdMob/BannerAdView.swift:90:9: error: Expected ')' in expression list
        }
        ^ (in target 'GridBuster' from project 'NeonGridBuster')
/Users/junaidamin/Documents/Projects/Neon Grid Buster/GridBuster/Core/AdMob/BannerAdView.swift:32:41: note: To match this opening '('
                                .overlay(
                                        ^ (in target 'GridBuster' from project 'NeonGridBuster')
/Users/junaidamin/Documents/Projects/Neon Grid Buster/GridBuster/Core/AdMob/BannerAdView.swift:94:1: error: Attribute 'fileprivate' can only be used in a non-local scope
fileprivate struct BannerAdRepresentable: UIViewControllerRepresentable {
^ (in target 'GridBuster' from project 'NeonGridBuster')
/Users/junaidamin/Documents/Projects/Neon Grid Buster/GridBuster/Core/AdMob/BannerAdView.swift:163:1: error: Expected '}' at end of brace statement

^ (in target 'GridBuster' from project 'NeonGridBuster')
/Users/junaidamin/Documents/Projects/Neon Grid Buster/GridBuster/Core/AdMob/BannerAdView.swift:22:25: note: To match this opening '{'
    var body: some View {
                        ^ (in target 'GridBuster' from project 'NeonGridBuster')
/Users/junaidamin/Documents/Projects/Neon Grid Buster/GridBuster/Core/AdMob/BannerAdView.swift:163:1: error: Expected '}' in struct

^ (in target 'GridBuster' from project 'NeonGridBuster')
/Users/junaidamin/Documents/Projects/Neon Grid Buster/GridBuster/Core/AdMob/BannerAdView.swift:4:27: note: To match this opening '{'
struct BannerAdView: View {
                          ^ (in target 'GridBuster' from project 'NeonGridBuster')

** BUILD FAILED **


The following build commands failed:
	SwiftDriver GridBuster normal arm64 com.apple.xcode.tools.swift.compiler (in target 'GridBuster' from project 'NeonGridBuster')
	Building project NeonGridBuster with scheme GridBuster and configuration Debug
(2 failures)
